Archive member included to satisfy reference by file (symbol)

C:/ST/STM32CubeIDE_1.17.0/STM32CubeIDE/plugins/com.st.stm32cube.ide.mcu.externaltools.gnu-tools-for-stm32.12.3.rel1.win32_1.1.0.202410251130/tools/bin/../lib/gcc/arm-none-eabi/12.3.1/../../../../arm-none-eabi/lib/thumb/v7e-m+dp/hard\libc_nano.a(libc_a-exit.o)
                              C:/ST/STM32CubeIDE_1.17.0/STM32CubeIDE/plugins/com.st.stm32cube.ide.mcu.externaltools.gnu-tools-for-stm32.12.3.rel1.win32_1.1.0.202410251130/tools/bin/../lib/gcc/arm-none-eabi/12.3.1/../../../../arm-none-eabi/lib/thumb/v7e-m+dp/hard/crt0.o (exit)
C:/ST/STM32CubeIDE_1.17.0/STM32CubeIDE/plugins/com.st.stm32cube.ide.mcu.externaltools.gnu-tools-for-stm32.12.3.rel1.win32_1.1.0.202410251130/tools/bin/../lib/gcc/arm-none-eabi/12.3.1/../../../../arm-none-eabi/lib/thumb/v7e-m+dp/hard\libc_nano.a(libc_a-findfp.o)
                              C:/ST/STM32CubeIDE_1.17.0/STM32CubeIDE/plugins/com.st.stm32cube.ide.mcu.externaltools.gnu-tools-for-stm32.12.3.rel1.win32_1.1.0.202410251130/tools/bin/../lib/gcc/arm-none-eabi/12.3.1/../../../../arm-none-eabi/lib/thumb/v7e-m+dp/hard\libc_nano.a(libc_a-exit.o) (__stdio_exit_handler)
C:/ST/STM32CubeIDE_1.17.0/STM32CubeIDE/plugins/com.st.stm32cube.ide.mcu.externaltools.gnu-tools-for-stm32.12.3.rel1.win32_1.1.0.202410251130/tools/bin/../lib/gcc/arm-none-eabi/12.3.1/../../../../arm-none-eabi/lib/thumb/v7e-m+dp/hard\libc_nano.a(libc_a-fwalk.o)
                              C:/ST/STM32CubeIDE_1.17.0/STM32CubeIDE/plugins/com.st.stm32cube.ide.mcu.externaltools.gnu-tools-for-stm32.12.3.rel1.win32_1.1.0.202410251130/tools/bin/../lib/gcc/arm-none-eabi/12.3.1/../../../../arm-none-eabi/lib/thumb/v7e-m+dp/hard\libc_nano.a(libc_a-findfp.o) (_fwalk_sglue)
C:/ST/STM32CubeIDE_1.17.0/STM32CubeIDE/plugins/com.st.stm32cube.ide.mcu.externaltools.gnu-tools-for-stm32.12.3.rel1.win32_1.1.0.202410251130/tools/bin/../lib/gcc/arm-none-eabi/12.3.1/../../../../arm-none-eabi/lib/thumb/v7e-m+dp/hard\libc_nano.a(libc_a-stdio.o)
                              C:/ST/STM32CubeIDE_1.17.0/STM32CubeIDE/plugins/com.st.stm32cube.ide.mcu.externaltools.gnu-tools-for-stm32.12.3.rel1.win32_1.1.0.202410251130/tools/bin/../lib/gcc/arm-none-eabi/12.3.1/../../../../arm-none-eabi/lib/thumb/v7e-m+dp/hard\libc_nano.a(libc_a-findfp.o) (__sread)
C:/ST/STM32CubeIDE_1.17.0/STM32CubeIDE/plugins/com.st.stm32cube.ide.mcu.externaltools.gnu-tools-for-stm32.12.3.rel1.win32_1.1.0.202410251130/tools/bin/../lib/gcc/arm-none-eabi/12.3.1/../../../../arm-none-eabi/lib/thumb/v7e-m+dp/hard\libc_nano.a(libc_a-memset.o)
                              C:/ST/STM32CubeIDE_1.17.0/STM32CubeIDE/plugins/com.st.stm32cube.ide.mcu.externaltools.gnu-tools-for-stm32.12.3.rel1.win32_1.1.0.202410251130/tools/bin/../lib/gcc/arm-none-eabi/12.3.1/../../../../arm-none-eabi/lib/thumb/v7e-m+dp/hard/crt0.o (memset)
C:/ST/STM32CubeIDE_1.17.0/STM32CubeIDE/plugins/com.st.stm32cube.ide.mcu.externaltools.gnu-tools-for-stm32.12.3.rel1.win32_1.1.0.202410251130/tools/bin/../lib/gcc/arm-none-eabi/12.3.1/../../../../arm-none-eabi/lib/thumb/v7e-m+dp/hard\libc_nano.a(libc_a-closer.o)
                              C:/ST/STM32CubeIDE_1.17.0/STM32CubeIDE/plugins/com.st.stm32cube.ide.mcu.externaltools.gnu-tools-for-stm32.12.3.rel1.win32_1.1.0.202410251130/tools/bin/../lib/gcc/arm-none-eabi/12.3.1/../../../../arm-none-eabi/lib/thumb/v7e-m+dp/hard\libc_nano.a(libc_a-stdio.o) (_close_r)
C:/ST/STM32CubeIDE_1.17.0/STM32CubeIDE/plugins/com.st.stm32cube.ide.mcu.externaltools.gnu-tools-for-stm32.12.3.rel1.win32_1.1.0.202410251130/tools/bin/../lib/gcc/arm-none-eabi/12.3.1/../../../../arm-none-eabi/lib/thumb/v7e-m+dp/hard\libc_nano.a(libc_a-reent.o)
                              C:/ST/STM32CubeIDE_1.17.0/STM32CubeIDE/plugins/com.st.stm32cube.ide.mcu.externaltools.gnu-tools-for-stm32.12.3.rel1.win32_1.1.0.202410251130/tools/bin/../lib/gcc/arm-none-eabi/12.3.1/../../../../arm-none-eabi/lib/thumb/v7e-m+dp/hard\libc_nano.a(libc_a-closer.o) (errno)
C:/ST/STM32CubeIDE_1.17.0/STM32CubeIDE/plugins/com.st.stm32cube.ide.mcu.externaltools.gnu-tools-for-stm32.12.3.rel1.win32_1.1.0.202410251130/tools/bin/../lib/gcc/arm-none-eabi/12.3.1/../../../../arm-none-eabi/lib/thumb/v7e-m+dp/hard\libc_nano.a(libc_a-impure.o)
                              C:/ST/STM32CubeIDE_1.17.0/STM32CubeIDE/plugins/com.st.stm32cube.ide.mcu.externaltools.gnu-tools-for-stm32.12.3.rel1.win32_1.1.0.202410251130/tools/bin/../lib/gcc/arm-none-eabi/12.3.1/../../../../arm-none-eabi/lib/thumb/v7e-m+dp/hard\libc_nano.a(libc_a-reent.o) (_impure_ptr)
C:/ST/STM32CubeIDE_1.17.0/STM32CubeIDE/plugins/com.st.stm32cube.ide.mcu.externaltools.gnu-tools-for-stm32.12.3.rel1.win32_1.1.0.202410251130/tools/bin/../lib/gcc/arm-none-eabi/12.3.1/../../../../arm-none-eabi/lib/thumb/v7e-m+dp/hard\libc_nano.a(libc_a-lseekr.o)
[...]
Memory Configuration

Name             Origin             Length             Attributes
RAM_D1           0x24000000         0x00080000         xrw
FLASH            0x08000000         0x00100000         xr
DTCMRAM          0x20000000         0x00020000         xrw
RAM_D2           0x30000000         0x00048000         xrw
RAM_D3           0x38000000         0x00010000         xrw
ITCMRAM          0x00000000         0x00010000         xrw
*default*        0x00000000         0xffffffff

Linker script and memory map

LOAD C:/ST/STM32CubeIDE_1.17.0/STM32CubeIDE/plugins/com.st.stm32cube.ide.mcu.externaltools.gnu-tools-for-stm32.12.3.rel1.win32_1.1.0.202410251130/tools/bin/../lib/gcc/arm-none-eabi/12.3.1/thumb/v7e-m+dp/hard/crti.o
LOAD C:/ST/STM32CubeIDE_1.17.0/STM32CubeIDE/plugins/com.st.stm32cube.ide.mcu.externaltools.gnu-tools-for-stm32.12.3.rel1.win32_1.1.0.202410251130/tools/bin/../lib/gcc/arm-none-eabi/12.3.1/thumb/v7e-m+dp/hard/crtbegin.o
LOAD C:/ST/STM32CubeIDE_1.17.0/STM32CubeIDE/plugins/com.st.stm32cube.ide.mcu.externaltools.gnu-tools-for-stm32.12.3.rel1.win32_1.1.0.202410251130/tools/bin/../lib/gcc/arm-none-eabi/12.3.1/../../../../arm-none-eabi/lib/thumb/v7e-m+dp/hard/crt0.o
LOAD ./Common/Src/system_stm32h7xx_dualcore_boot_cm4_cm7.o
LOAD ./Core/Src/main.o
LOAD ./Core/Src/stm32h7xx_hal_msp.o
LOAD ./Core/Src/stm32h7xx_it.o
LOAD ./Core/Src/syscalls.o
LOAD ./Core/Src/sysmem.o
LOAD ./Core/Startup/startup_stm32h755zitx.o
LOAD ./Drivers/BSP/STM32H7xx_Nucleo/stm32h7xx_nucleo.o
LOAD ./Drivers/STM32H7xx_HAL_Driver/stm32h7xx_hal.o
LOAD ./Drivers/STM32H7xx_HAL_Driver/stm32h7xx_hal_adc.o
LOAD ./Drivers/STM32H7xx_HAL_Driver/stm32h7xx_hal_adc_ex.o
LOAD ./Drivers/STM32H7xx_HAL_Driver/stm32h7xx_hal_cortex.o
LOAD ./Drivers/STM32H7xx_HAL_Driver/stm32h7xx_hal_dac.o
LOAD ./Drivers/STM32H7xx_HAL_Driver/stm32h7xx_hal_dac_ex.o
LOAD ./Drivers/STM32H7xx_HAL_Driver/stm32h7xx_hal_dma.o
LOAD ./Drivers/STM32H7xx_HAL_Driver/stm32h7xx_hal_dma_ex.o
LOAD ./Drivers/STM32H7xx_HAL_Driver/stm32h7xx_hal_exti.o
LOAD ./Drivers/STM32H7xx_HAL_Driver/stm32h7xx_hal_flash.o
LOAD ./Drivers/STM32H7xx_HAL_Driver/stm32h7xx_hal_flash_ex.o
LOAD ./Drivers/STM32H7xx_HAL_Driver/stm32h7xx_hal_gpio.o
LOAD ./Drivers/STM32H7xx_HAL_Driver/stm32h7xx_hal_hsem.o
LOAD ./Drivers/STM32H7xx_HAL_Driver/stm32h7xx_hal_i2c.o
LOAD ./Drivers/STM32H7xx_HAL_Driver/stm32h7xx_hal_i2c_ex.o
LOAD ./Drivers/STM32H7xx_HAL_Driver/stm32h7xx_hal_mdma.o
LOAD ./Drivers/STM32H7xx_HAL_Driver/stm32h7xx_hal_pwr.o
LOAD ./Drivers/STM32H7xx_HAL_Driver/stm32h7xx_hal_pwr_ex.o
LOAD ./Drivers/STM32H7xx_HAL_Driver/stm32h7xx_hal_rcc.o
LOAD ./Drivers/STM32H7xx_HAL_Driver/stm32h7xx_hal_rcc_ex.o
LOAD ./Drivers/STM32H7xx_HAL_Driver/stm32h7xx_hal_tim.o
LOAD ./Drivers/STM32H7xx_HAL_Driver/stm32h7xx_hal_tim_ex.o
LOAD ./Drivers/STM32H7xx_HAL_Driver/stm32h7xx_hal_uart.o
LOAD ./Drivers/STM32H7xx_HAL_Driver/stm32h7xx_hal_uart_ex.o
LOAD ./Drivers/STM32H7xx_HAL_Driver/stm32h7xx_hal_usart.o
LOAD ./Drivers/STM32H7xx_HAL_Driver/stm32h7xx_hal_usart_ex.o
START GROUP
LOAD C:/ST/STM32CubeIDE_1.17.0/STM32CubeIDE/plugins/com.st.stm32cube.ide.mcu.externaltools.gnu-tools-for-stm32.12.3.rel1.win32_1.1.0.202410251130/tools/bin/../lib/gcc/arm-none-eabi/12.3.1/../../../../arm-none-eabi/lib/thumb/v7e-m+dp/hard\libc_nano.a
LOAD C:/ST/STM32CubeIDE_1.17.0/STM32CubeIDE/plugins/com.st.stm32cube.ide.mcu.externaltools.gnu-tools-for-stm32.12.3.rel1.win32_1.1.0.202410251130/tools/bin/../lib/gcc/arm-none-eabi/12.3.1/../../../../arm-none-eabi/lib/thumb/v7e-m+dp/hard\libm.a
END GROUP
START GROUP
LOAD C:/ST/STM32CubeIDE_1.17.0/STM32CubeIDE/plugins/com.st.stm32cube.ide.mcu.externaltools.gnu-tools-for-stm32.12.3.rel1.win32_1.1.0.202410251130/tools/bin/../lib/gcc/arm-none-eabi/12.3.1/thumb/v7e-m+dp/hard\libgcc.a
LOAD C:/ST/STM32CubeIDE_1.17.0/STM32CubeIDE/plugins/com.st.stm32cube.ide.mcu.externaltools.gnu-tools-for-stm32.12.3.rel1.win32_1.1.0.202410251130/tools/bin/../lib/gcc/arm-none-eabi/12.3.1/../../../../arm-none-eabi/lib/thumb/v7e-m+dp/hard\libc_nano.a
END GROUP
START GROUP
LOAD C:/ST/STM32CubeIDE_1.17.0/STM32CubeIDE/plugins/com.st.stm32cube.ide.mcu.externaltools.gnu-tools-for-stm32.12.3.rel1.win32_1.1.0.202410251130/tools/bin/../lib/gcc/arm-none-eabi/12.3.1/thumb/v7e-m+dp/hard\libgcc.a
LOAD C:/ST/STM32CubeIDE_1.17.0/STM32CubeIDE/plugins/com.st.stm32cube.ide.mcu.externaltools.gnu-tools-for-stm32.12.3.rel1.win32_1.1.0.202410251130/tools/bin/../lib/gcc/arm-none-eabi/12.3.1/../../../../arm-none-eabi/lib/thumb/v7e-m+dp/hard\libc_nano.a
LOAD C:/ST/STM32CubeIDE_1.17.0/STM32CubeIDE/plugins/com.st.stm32cube.ide.mcu.externaltools.gnu-tools-for-stm32.12.3.rel1.win32_1.1.0.202410251130/tools/bin/../lib/gcc/arm-none-eabi/12.3.1/../../../../arm-none-eabi/lib/thumb/v7e-m+dp/hard\libnosys.a
END GROUP
START GROUP
LOAD C:/ST/STM32CubeIDE_1.17.0/STM32CubeIDE/plugins/com.st.stm32cube.ide.mcu.externaltools.gnu-tools-for-stm32.12.3.rel1.win32_1.1.0.202410251130/tools/bin/../lib/gcc/arm-none-eabi/12.3.1/thumb/v7e-m+dp/hard\libgcc.a
LOAD C:/ST/STM32CubeIDE_1.17.0/STM32CubeIDE/plugins/com.st.stm32cube.ide.mcu.externaltools.gnu-tools-for-stm32.12.3.rel1.win32_1.1.0.202410251130/tools/bin/../lib/gcc/arm-none-eabi/12.3.1/../../../../arm-none-eabi/lib/thumb/v7e-m+dp/hard\libc_nano.a
LOAD C:/ST/STM32CubeIDE_1.17.0/STM32CubeIDE/plugins/com.st.stm32cube.ide.mcu.externaltools.gnu-tools-for-stm32.12.3.rel1.win32_1.1.0.202410251130/tools/bin/../lib/gcc/arm-none-eabi/12.3.1/../../../../arm-none-eabi/lib/thumb/v7e-m+dp/hard\libnosys.a
END GROUP
LOAD C:/ST/STM32CubeIDE_1.17.0/STM32CubeIDE/plugins/com.st.stm32cube.ide.mcu.externaltools.gnu-tools-for-stm32.12.3.rel1.win32_1.1.0.202410251130/tools/bin/../lib/gcc/arm-none-eabi/12.3.1/thumb/v7e-m+dp/hard/crtend.o
LOAD C:/ST/STM32CubeIDE_1.17.0/STM32CubeIDE/plugins/com.st.stm32cube.ide.mcu.externaltools.gnu-tools-for-stm32.12.3.rel1.win32_1.1.0.202410251130/tools/bin/../lib/gcc/arm-none-eabi/12.3.1/thumb/v7e-m+dp/hard/crtn.o
                0x24080000                        _estack = (ORIGIN (RAM_D1) + LENGTH (RAM_D1))
                0x00000200                        _Min_Heap_Size = 0x200
                0x00000400                        _Min_Stack_Size = 0x400

.isr_vector     0x08000000      0x298
                0x08000000                        . = ALIGN (0x4)
 *(.isr_vector)
 .isr_vector    0x08000000      0x298 ./Core/Startup/startup_stm32h755zitx.o
                0x08000000                g_pfnVectors
                0x08000298                        . = ALIGN (0x4)

.text           0x08000298     0xee28
                0x08000298                        . = ALIGN (0x4)
 *(.text)
 .text          0x08000298       0x40 C:/ST/STM32CubeIDE_1.17.0/STM32CubeIDE/plugins/com.st.stm32cube.ide.mcu.externaltools.gnu-tools-for-stm32.12.3.rel1.win32_1.1.0.202410251130/tools/bin/../lib/gcc/arm-none-eabi/12.3.1/thumb/v7e-m+dp/hard/crtbegin.o
 .text          0x080002d8       0x30 C:/ST/STM32CubeIDE_1.17.0/STM32CubeIDE/plugins/com.st.stm32cube.ide.mcu.externaltools.gnu-tools-for-stm32.12.3.rel1.win32_1.1.0.202410251130/tools/bin/../lib/gcc/arm-none-eabi/12.3.1/thumb/v7e-m+dp/hard\libgcc.a(_aeabi_uldivmod.o)
                0x080002d8                __aeabi_uldivmod
 .text          0x08000308      0x2bc C:/ST/STM32CubeIDE_1.17.0/STM32CubeIDE/plugins/com.st.stm32cube.ide.mcu.externaltools.gnu-tools-for-stm32.12.3.rel1.win32_1.1.0.202410251130/tools/bin/../lib/gcc/arm-none-eabi/12.3.1/thumb/v7e-m+dp/hard\libgcc.a(_udivmoddi4.o)
                0x08000308                __udivmoddi4
 .text          0x080005c4        0x4 C:/ST/STM32CubeIDE_1.17.0/STM32CubeIDE/plugins/com.st.stm32cube.ide.mcu.externaltools.gnu-tools-for-stm32.12.3.rel1.win32_1.1.0.202410251130/tools/bin/../lib/gcc/arm-none-eabi/12.3.1/thumb/v7e-m+dp/hard\libgcc.a(_dvmd_tls.o)
                0x080005c4                __aeabi_idiv0
                0x080005c4                __aeabi_ldiv0
 *(.text*)
 .text.SystemInit
                0x080005c8      0x15c ./Common/Src/system_stm32h7xx_dualcore_boot_cm4_cm7.o
                0x080005c8                SystemInit
 .text.ExitRun0Mode
                0x08000724       0x30 ./Common/Src/system_stm32h7xx_dualcore_boot_cm4_cm7.o
                0x08000724                ExitRun0Mode
 .text.main     0x08000754      0x27c ./Core/Src/main.o
                0x08000754                main
 .text.SystemClock_Config
                0x080009d0       0xf8 ./Core/Src/main.o
                0x080009d0                SystemClock_Config
 .text.PeriphCommonClock_Config
                0x08000ac8       0x5e ./Core/Src/main.o
                0x08000ac8                PeriphCommonClock_Config
 *fill*         0x08000b26        0x2 
 .text.MX_ADC1_Init
                0x08000b28       0xfc ./Core/Src/main.o
 .text.MX_ADC3_Init
                0x08000c24      0x130 ./Core/Src/main.o
 .text.MX_DAC1_Init
                0x08000d54       0x64 ./Core/Src/main.o
 .text.MX_TIM1_Init
                0x08000db8       0xa8 ./Core/Src/main.o
 .text.MX_TIM2_Init
                0x08000e60       0x98 ./Core/Src/main.o
 .text.MX_TIM4_Init
                0x08000ef8       0xac ./Core/Src/main.o
 .text.MX_TIM6_Init
                0x08000fa4       0x6c ./Core/Src/main.o
 .text.MX_TIM8_Init
                0x08001010      0x18c ./Core/Src/main.o
 .text.MX_DMA_Init
                0x0800119c       0x80 ./Core/Src/main.o
 .text.MX_GPIO_Init
                0x0800121c      0x20c ./Core/Src/main.o
 .text.HAL_GPIO_EXTI_Callback
                0x08001428       0x80 ./Core/Src/main.o
                0x08001428                HAL_GPIO_EXTI_Callback
 .text.HAL_TIM_PeriodElapsedCallback
                0x080014a8     0x15a8 ./Core/Src/main.o
                0x080014a8                HAL_TIM_PeriodElapsedCallback
 .text.InitLUT  0x08002a50       0xcc ./Core/Src/main.o
                0x08002a50                InitLUT
 .text.SensorlessLUT
                0x08002b1c      0x104 ./Core/Src/main.o
                0x08002b1c                SensorlessLUT
 .text.FastArcTan
                0x08002c20       0x4c ./Core/Src/main.o
                0x08002c20                FastArcTan
 *fill*         0x08002c6c        0x4 
 .text.generate_L_sin
                0x08002c70       0xd0 ./Core/Src/main.o
                0x08002c70                generate_L_sin
 .text.calculate_average
                0x08002d40       0x60 ./Core/Src/main.o
                0x08002d40                calculate_average
 .text.Error_Handler
                0x08002da0        0xc ./Core/Src/main.o
                0x08002da0                Error_Handler
 .text.HAL_MspInit
                0x08002dac       0x34 ./Core/Src/stm32h7xx_hal_msp.o
                0x08002dac                HAL_MspInit
 .text.HAL_ADC_MspInit
                0x08002de0      0x1ec ./Core/Src/stm32h7xx_hal_msp.o
                0x08002de0                HAL_ADC_MspInit
 .text.HAL_DAC_MspInit
                0x08002fcc       0xf4 ./Core/Src/stm32h7xx_hal_msp.o
                0x08002fcc                HAL_DAC_MspInit
 .text.HAL_TIM_Base_MspInit
                0x080030c0      0x108 ./Core/Src/stm32h7xx_hal_msp.o
                0x080030c0                HAL_TIM_Base_MspInit
 .text.HAL_TIM_Encoder_MspInit
                0x080031c8       0xa4 ./Core/Src/stm32h7xx_hal_msp.o
                0x080031c8                HAL_TIM_Encoder_MspInit
 .text.HAL_TIM_MspPostInit
                0x0800326c       0xfc ./Core/Src/stm32h7xx_hal_msp.o
                0x0800326c                HAL_TIM_MspPostInit
 .text.NMI_Handler
                0x08003368        0x8 ./Core/Src/stm32h7xx_it.o
                0x08003368                NMI_Handler
 .text.HardFault_Handler
                0x08003370        0x8 ./Core/Src/stm32h7xx_it.o
                0x08003370                HardFault_Handler
 .text.MemManage_Handler
                0x08003378        0x8 ./Core/Src/stm32h7xx_it.o
                0x08003378                MemManage_Handler
 .text.BusFault_Handler
                0x08003380        0x8 ./Core/Src/stm32h7xx_it.o
                0x08003380                BusFault_Handler
 .text.UsageFault_Handler
                0x08003388        0x8 ./Core/Src/stm32h7xx_it.o
                0x08003388                UsageFault_Handler
 .text.SVC_Handler
                0x08003390        0xe ./Core/Src/stm32h7xx_it.o
                0x08003390                SVC_Handler
 .text.DebugMon_Handler
                0x0800339e        0xe ./Core/Src/stm32h7xx_it.o
                0x0800339e                DebugMon_Handler
 .text.PendSV_Handler
                0x080033ac        0xe ./Core/Src/stm32h7xx_it.o
                0x080033ac                PendSV_Handler
 .text.SysTick_Handler
                0x080033ba        0xc ./Core/Src/stm32h7xx_it.o
                0x080033ba                SysTick_Handler
 *fill*         0x080033c6        0x2 
 .text.DMA1_Stream0_IRQHandler
                0x080033c8       0x14 ./Core/Src/stm32h7xx_it.o
                0x080033c8                DMA1_Stream0_IRQHandler
 .text.DMA1_Stream1_IRQHandler
                0x080033dc       0x14 ./Core/Src/stm32h7xx_it.o
                0x080033dc                DMA1_Stream1_IRQHandler
 .text.TIM1_UP_IRQHandler
                0x080033f0       0x14 ./Core/Src/stm32h7xx_it.o
                0x080033f0                TIM1_UP_IRQHandler
 .text.TIM2_IRQHandler
                0x08003404       0x14 ./Core/Src/stm32h7xx_it.o
                0x08003404                TIM2_IRQHandler
 .text.TIM4_IRQHandler
                0x08003418       0x14 ./Core/Src/stm32h7xx_it.o
                0x08003418                TIM4_IRQHandler
 .text.EXTI15_10_IRQHandler
                0x0800342c       0x16 ./Core/Src/stm32h7xx_it.o
                0x0800342c                EXTI15_10_IRQHandler
 *fill*         0x08003442        0x2 
 .text.TIM8_UP_TIM13_IRQHandler
                0x08003444       0x14 ./Core/Src/stm32h7xx_it.o
                0x08003444                TIM8_UP_TIM13_IRQHandler
 .text.TIM8_TRG_COM_TIM14_IRQHandler
                0x08003458       0x14 ./Core/Src/stm32h7xx_it.o
                0x08003458                TIM8_TRG_COM_TIM14_IRQHandler
 .text.DMA2_Stream0_IRQHandler
                0x0800346c       0x14 ./Core/Src/stm32h7xx_it.o
                0x0800346c                DMA2_Stream0_IRQHandler
 .text.Reset_Handler
                0x08003480       0x54 ./Core/Startup/startup_stm32h755zitx.o
                0x08003480                Reset_Handler
 .text.Default_Handler
                0x080034d4        0x2 ./Core/Startup/startup_stm32h755zitx.o
                0x080034d4                RTC_Alarm_IRQHandler
                0x080034d4                HASH_RNG_IRQHandler
                0x080034d4                EXTI2_IRQHandler
                0x080034d4                TIM8_CC_IRQHandler
                0x080034d4                HRTIM1_Master_IRQHandler
                0x080034d4                UART8_IRQHandler
                0x080034d4                SPI4_IRQHandler
                0x080034d4                TIM1_CC_IRQHandler
                0x080034d4                BDMA_Channel6_IRQHandler
                0x080034d4                DMA2_Stream5_IRQHandler
                0x080034d4                HRTIM1_FLT_IRQHandler
                0x080034d4                JPEG_IRQHandler
                0x080034d4                DMA1_Stream5_IRQHandler
                0x080034d4                BDMA_Channel1_IRQHandler
                0x080034d4                HRTIM1_TIMD_IRQHandler
                0x080034d4                TAMP_STAMP_IRQHandler
                0x080034d4                EXTI3_IRQHandler
                0x080034d4                LPTIM4_IRQHandler
                0x080034d4                LPTIM2_IRQHandler
                0x080034d4                DFSDM1_FLT1_IRQHandler
                0x080034d4                DMAMUX2_OVR_IRQHandler
                0x080034d4                I2C3_ER_IRQHandler
                0x080034d4                DFSDM1_FLT2_IRQHandler
                0x080034d4                MDMA_IRQHandler
                0x080034d4                LPTIM3_IRQHandler
                0x080034d4                HSEM1_IRQHandler
                0x080034d4                EXTI0_IRQHandler
                0x080034d4                I2C2_EV_IRQHandler
                0x080034d4                DMA1_Stream2_IRQHandler
                0x080034d4                FPU_IRQHandler
                0x080034d4                OTG_HS_WKUP_IRQHandler
                0x080034d4                FDCAN1_IT1_IRQHandler
                0x080034d4                LTDC_ER_IRQHandler
                0x080034d4                DMA2_Stream2_IRQHandler
                0x080034d4                HRTIM1_TIME_IRQHandler
                0x080034d4                SPI1_IRQHandler
                0x080034d4                TIM6_DAC_IRQHandler
                0x080034d4                DCMI_IRQHandler
                0x080034d4                HRTIM1_TIMC_IRQHandler
                0x080034d4                DMA2_Stream3_IRQHandler
                0x080034d4                SAI2_IRQHandler
                0x080034d4                DFSDM1_FLT3_IRQHandler
                0x080034d4                USART6_IRQHandler
                0x080034d4                TIM17_IRQHandler
                0x080034d4                USART3_IRQHandler
                0x080034d4                BDMA_Channel7_IRQHandler
                0x080034d4                CRYP_IRQHandler
                0x080034d4                LPTIM5_IRQHandler
                0x080034d4                UART5_IRQHandler
                0x080034d4                ADC3_IRQHandler
                0x080034d4                BDMA_Channel2_IRQHandler
                0x080034d4                QUADSPI_IRQHandler
                0x080034d4                I2C1_EV_IRQHandler
                0x080034d4                DMA1_Stream6_IRQHandler
                0x080034d4                DMAMUX1_OVR_IRQHandler
                0x080034d4                TIM16_IRQHandler
                0x080034d4                UART4_IRQHandler
                0x080034d4                BDMA_Channel5_IRQHandler
                0x080034d4                TIM3_IRQHandler
                0x080034d4                RCC_IRQHandler
                0x080034d4                TIM8_BRK_TIM12_IRQHandler
                0x080034d4                TIM1_TRG_COM_IRQHandler
                0x080034d4                Default_Handler
                0x080034d4                ECC_IRQHandler
                0x080034d4                CEC_IRQHandler
                0x080034d4                BDMA_Channel0_IRQHandler
                0x080034d4                ADC_IRQHandler
                0x080034d4                DMA1_Stream7_IRQHandler
                0x080034d4                HRTIM1_TIMA_IRQHandler
                0x080034d4                SPI5_IRQHandler
                0x080034d4                TIM7_IRQHandler
                0x080034d4                SDMMC1_IRQHandler
                0x080034d4                TIM5_IRQHandler
                0x080034d4                DMA2_Stream7_IRQHandler
                0x080034d4                TIM15_IRQHandler
                0x080034d4                PVD_AVD_IRQHandler
                0x080034d4                I2C3_EV_IRQHandler
                0x080034d4                EXTI9_5_IRQHandler
                0x080034d4                RTC_WKUP_IRQHandler
                0x080034d4                LTDC_IRQHandler
                0x080034d4                SAI3_IRQHandler
                0x080034d4                ETH_WKUP_IRQHandler
                0x080034d4                SPDIF_RX_IRQHandler
                0x080034d4                SPI2_IRQHandler
                0x080034d4                OTG_HS_EP1_IN_IRQHandler
                0x080034d4                CRS_IRQHandler
                0x080034d4                CM7_SEV_IRQHandler
                0x080034d4                EXTI4_IRQHandler
                0x080034d4                CM4_SEV_IRQHandler
                0x080034d4                HRTIM1_TIMB_IRQHandler
                0x080034d4                FDCAN2_IT1_IRQHandler
                0x080034d4                ETH_IRQHandler
                0x080034d4                WWDG_RST_IRQHandler
                0x080034d4                BDMA_Channel4_IRQHandler
                0x080034d4                OTG_HS_EP1_OUT_IRQHandler
                0x080034d4                WWDG_IRQHandler
                0x080034d4                SPI6_IRQHandler
                0x080034d4                MDIOS_IRQHandler
                0x080034d4                I2C4_EV_IRQHandler
                0x080034d4                FDCAN2_IT0_IRQHandler
                0x080034d4                LPUART1_IRQHandler
                0x080034d4                FDCAN1_IT0_IRQHandler
                0x080034d4                OTG_FS_WKUP_IRQHandler
                0x080034d4                OTG_HS_IRQHandler
                0x080034d4                HSEM2_IRQHandler
                0x080034d4                DMA2D_IRQHandler
                0x080034d4                TIM1_BRK_IRQHandler
                0x080034d4                EXTI1_IRQHandler
                0x080034d4                SDMMC2_IRQHandler
                0x080034d4                OTG_FS_EP1_OUT_IRQHandler
                0x080034d4                BDMA_Channel3_IRQHandler
                0x080034d4                HOLD_CORE_IRQHandler
                0x080034d4                UART7_IRQHandler
                0x080034d4                MDIOS_WKUP_IRQHandler
                0x080034d4                USART2_IRQHandler
                0x080034d4                DFSDM1_FLT0_IRQHandler
                0x080034d4                SAI4_IRQHandler
                0x080034d4                I2C2_ER_IRQHandler
                0x080034d4                DMA2_Stream1_IRQHandler
                0x080034d4                FLASH_IRQHandler
                0x080034d4                DMA2_Stream4_IRQHandler
                0x080034d4                USART1_IRQHandler
                0x080034d4                OTG_FS_IRQHandler
                0x080034d4                SPI3_IRQHandler
                0x080034d4                WAKEUP_PIN_IRQHandler
                0x080034d4                DMA1_Stream4_IRQHandler
                0x080034d4                OTG_FS_EP1_IN_IRQHandler
                0x080034d4                I2C1_ER_IRQHandler
                0x080034d4                FMC_IRQHandler
                0x080034d4                FDCAN_CAL_IRQHandler
                0x080034d4                SWPMI1_IRQHandler
                0x080034d4                COMP1_IRQHandler
                0x080034d4                LPTIM1_IRQHandler
                0x080034d4                I2C4_ER_IRQHandler
                0x080034d4                DMA2_Stream6_IRQHandler
                0x080034d4                SAI1_IRQHandler
                0x080034d4                DMA1_Stream3_IRQHandler
 *fill*         0x080034d6        0x2 
 .text.BSP_PB_Init
                0x080034d8       0xe4 ./Drivers/BSP/STM32H7xx_Nucleo/stm32h7xx_nucleo.o
                0x080034d8                BSP_PB_Init
 .text.BSP_PB_IRQHandler
                0x080035bc       0x24 ./Drivers/BSP/STM32H7xx_Nucleo/stm32h7xx_nucleo.o
                0x080035bc                BSP_PB_IRQHandler
 .text.BSP_PB_Callback
                0x080035e0       0x16 ./Drivers/BSP/STM32H7xx_Nucleo/stm32h7xx_nucleo.o
                0x080035e0                BSP_PB_Callback
 *fill*         0x080035f6        0x2 
 .text.BSP_COM_Init
                0x080035f8       0x60 ./Drivers/BSP/STM32H7xx_Nucleo/stm32h7xx_nucleo.o
                0x080035f8                BSP_COM_Init
 .text.MX_USART3_Init
                0x08003658       0x64 ./Drivers/BSP/STM32H7xx_Nucleo/stm32h7xx_nucleo.o
                0x08003658                MX_USART3_Init
 .text.BUTTON_USER_EXTI_Callback
                0x080036bc        0xe ./Drivers/BSP/STM32H7xx_Nucleo/stm32h7xx_nucleo.o
 *fill*         0x080036ca        0x2 
 .text.COM1_MspInit
                0x080036cc       0xb0 ./Drivers/BSP/STM32H7xx_Nucleo/stm32h7xx_nucleo.o
 .text.HAL_Init
                0x0800377c       0x78 ./Drivers/STM32H7xx_HAL_Driver/stm32h7xx_hal.o
                0x0800377c                HAL_Init
 .text.HAL_InitTick
                0x080037f4       0x6c ./Drivers/STM32H7xx_HAL_Driver/stm32h7xx_hal.o
                0x080037f4                HAL_InitTick
 .text.HAL_IncTick
                0x08003860       0x28 ./Drivers/STM32H7xx_HAL_Driver/stm32h7xx_hal.o
                0x08003860                HAL_IncTick
 .text.HAL_GetTick
                0x08003888       0x18 ./Drivers/STM32H7xx_HAL_Driver/stm32h7xx_hal.o
                0x08003888                HAL_GetTick
 .text.HAL_Delay
                0x080038a0       0x48 ./Drivers/STM32H7xx_HAL_Driver/stm32h7xx_hal.o
                0x080038a0                HAL_Delay
 .text.HAL_GetREVID
                0x080038e8       0x18 ./Drivers/STM32H7xx_HAL_Driver/stm32h7xx_hal.o
                0x080038e8                HAL_GetREVID
 .text.HAL_SYSCFG_AnalogSwitchConfig
                0x08003900       0x2c ./Drivers/STM32H7xx_HAL_Driver/stm32h7xx_hal.o
                0x08003900                HAL_SYSCFG_AnalogSwitchConfig
 .text.LL_ADC_SetCommonClock
                0x0800392c       0x26 ./Drivers/STM32H7xx_HAL_Driver/stm32h7xx_hal_adc.o
 .text.LL_ADC_SetCommonPathInternalCh
                0x08003952       0x26 ./Drivers/STM32H7xx_HAL_Driver/stm32h7xx_hal_adc.o
 .text.LL_ADC_GetCommonPathInternalCh
                0x08003978       0x1c ./Drivers/STM32H7xx_HAL_Driver/stm32h7xx_hal_adc.o
 .text.LL_ADC_SetChannelPreselection
                0x08003994       0x66 ./Drivers/STM32H7xx_HAL_Driver/stm32h7xx_hal_adc.o
 .text.LL_ADC_SetOffset
                0x080039fa       0x40 ./Drivers/STM32H7xx_HAL_Driver/stm32h7xx_hal_adc.o
 .text.LL_ADC_SetDataRightShift
                0x08003a3a       0x32 ./Drivers/STM32H7xx_HAL_Driver/stm32h7xx_hal_adc.o
 .text.LL_ADC_SetOffsetSignedSaturation
                0x08003a6c       0x36 ./Drivers/STM32H7xx_HAL_Driver/stm32h7xx_hal_adc.o
 .text.LL_ADC_REG_IsTriggerSourceSWStart
                0x08003aa2       0x26 ./Drivers/STM32H7xx_HAL_Driver/stm32h7xx_hal_adc.o
 .text.LL_ADC_REG_SetSequencerRanks
                0x08003ac8       0x58 ./Drivers/STM32H7xx_HAL_Driver/stm32h7xx_hal_adc.o
 .text.LL_ADC_REG_SetDataTransferMode
                0x08003b20       0x26 ./Drivers/STM32H7xx_HAL_Driver/stm32h7xx_hal_adc.o
 .text.LL_ADC_SetChannelSamplingTime
                0x08003b46       0x56 ./Drivers/STM32H7xx_HAL_Driver/stm32h7xx_hal_adc.o
 .text.LL_ADC_SetChannelSingleDiff
                0x08003b9c       0x48 ./Drivers/STM32H7xx_HAL_Driver/stm32h7xx_hal_adc.o
 .text.LL_ADC_GetMultimode
                0x08003be4       0x1c ./Drivers/STM32H7xx_HAL_Driver/stm32h7xx_hal_adc.o
 .text.LL_ADC_DisableDeepPowerDown
                0x08003c00       0x24 ./Drivers/STM32H7xx_HAL_Driver/stm32h7xx_hal_adc.o
 .text.LL_ADC_IsDeepPowerDownEnabled
                0x08003c24       0x28 ./Drivers/STM32H7xx_HAL_Driver/stm32h7xx_hal_adc.o
 .text.LL_ADC_EnableInternalRegulator
                0x08003c4c       0x28 ./Drivers/STM32H7xx_HAL_Driver/stm32h7xx_hal_adc.o
 .text.LL_ADC_IsInternalRegulatorEnabled
                0x08003c74       0x28 ./Drivers/STM32H7xx_HAL_Driver/stm32h7xx_hal_adc.o
 .text.LL_ADC_Enable
                0x08003c9c       0x28 ./Drivers/STM32H7xx_HAL_Driver/stm32h7xx_hal_adc.o
 .text.LL_ADC_IsEnabled
                0x08003cc4       0x26 ./Drivers/STM32H7xx_HAL_Driver/stm32h7xx_hal_adc.o
 *fill*         0x08003cea        0x2 
 .text.LL_ADC_REG_StartConversion
                0x08003cec       0x28 ./Drivers/STM32H7xx_HAL_Driver/stm32h7xx_hal_adc.o
 .text.LL_ADC_REG_IsConversionOngoing
                0x08003d14       0x26 ./Drivers/STM32H7xx_HAL_Driver/stm32h7xx_hal_adc.o
 .text.LL_ADC_INJ_IsConversionOngoing
                0x08003d3a       0x26 ./Drivers/STM32H7xx_HAL_Driver/stm32h7xx_hal_adc.o
 .text.HAL_ADC_Init
                0x08003d60      0x344 ./Drivers/STM32H7xx_HAL_Driver/stm32h7xx_hal_adc.o
                0x08003d60                HAL_ADC_Init
 .text.HAL_ADC_Start_DMA
                0x080040a4      0x188 ./Drivers/STM32H7xx_HAL_Driver/stm32h7xx_hal_adc.o
                0x080040a4                HAL_ADC_Start_DMA
 .text.HAL_ADC_ConvCpltCallback
                0x0800422c       0x14 ./Drivers/STM32H7xx_HAL_Driver/stm32h7xx_hal_adc.o
                0x0800422c                HAL_ADC_ConvCpltCallback
 .text.HAL_ADC_ConvHalfCpltCallback
                0x08004240       0x14 ./Drivers/STM32H7xx_HAL_Driver/stm32h7xx_hal_adc.o
                0x08004240                HAL_ADC_ConvHalfCpltCallback
 .text.HAL_ADC_ErrorCallback
                0x08004254       0x14 ./Drivers/STM32H7xx_HAL_Driver/stm32h7xx_hal_adc.o
                0x08004254                HAL_ADC_ErrorCallback
 .text.HAL_ADC_ConfigChannel
                0x08004268      0x5e0 ./Drivers/STM32H7xx_HAL_Driver/stm32h7xx_hal_adc.o
                0x08004268                HAL_ADC_ConfigChannel
 .text.ADC_Enable
                0x08004848      0x114 ./Drivers/STM32H7xx_HAL_Driver/stm32h7xx_hal_adc.o
                0x08004848                ADC_Enable
 .text.ADC_DMAConvCplt
                0x0800495c       0xd8 ./Drivers/STM32H7xx_HAL_Driver/stm32h7xx_hal_adc.o
                0x0800495c                ADC_DMAConvCplt
 .text.ADC_DMAHalfConvCplt
                0x08004a34       0x1c ./Drivers/STM32H7xx_HAL_Driver/stm32h7xx_hal_adc.o
                0x08004a34                ADC_DMAHalfConvCplt
 .text.ADC_DMAError
                0x08004a50       0x34 ./Drivers/STM32H7xx_HAL_Driver/stm32h7xx_hal_adc.o
                0x08004a50                ADC_DMAError
 .text.ADC_ConfigureBoostMode
                0x08004a84      0x218 ./Drivers/STM32H7xx_HAL_Driver/stm32h7xx_hal_adc.o
                0x08004a84                ADC_ConfigureBoostMode
 .text.LL_ADC_IsEnabled
                0x08004c9c       0x26 ./Drivers/STM32H7xx_HAL_Driver/stm32h7xx_hal_adc_ex.o
 .text.LL_ADC_REG_IsConversionOngoing
                0x08004cc2       0x26 ./Drivers/STM32H7xx_HAL_Driver/stm32h7xx_hal_adc_ex.o
 .text.HAL_ADCEx_MultiModeConfigChannel
                0x08004ce8      0x1bc ./Drivers/STM32H7xx_HAL_Driver/stm32h7xx_hal_adc_ex.o
                0x08004ce8                HAL_ADCEx_MultiModeConfigChannel
 .text.__NVIC_SetPriorityGrouping
                0x08004ea4       0x48 ./Drivers/STM32H7xx_HAL_Driver/stm32h7xx_hal_cortex.o
 .text.__NVIC_GetPriorityGrouping
                0x08004eec       0x1c ./Drivers/STM32H7xx_HAL_Driver/stm32h7xx_hal_cortex.o
 .text.__NVIC_EnableIRQ
                0x08004f08       0x3c ./Drivers/STM32H7xx_HAL_Driver/stm32h7xx_hal_cortex.o
 .text.__NVIC_SetPriority
                0x08004f44       0x54 ./Drivers/STM32H7xx_HAL_Driver/stm32h7xx_hal_cortex.o
 .text.NVIC_EncodePriority
                0x08004f98       0x66 ./Drivers/STM32H7xx_HAL_Driver/stm32h7xx_hal_cortex.o
 *fill*         0x08004ffe        0x2 
 .text.SysTick_Config
                0x08005000       0x44 ./Drivers/STM32H7xx_HAL_Driver/stm32h7xx_hal_cortex.o
 .text.HAL_NVIC_SetPriorityGrouping
                0x08005044       0x16 ./Drivers/STM32H7xx_HAL_Driver/stm32h7xx_hal_cortex.o
                0x08005044                HAL_NVIC_SetPriorityGrouping
 .text.HAL_NVIC_SetPriority
                0x0800505a       0x34 ./Drivers/STM32H7xx_HAL_Driver/stm32h7xx_hal_cortex.o
                0x0800505a                HAL_NVIC_SetPriority
 .text.HAL_NVIC_EnableIRQ
                0x0800508e       0x1c ./Drivers/STM32H7xx_HAL_Driver/stm32h7xx_hal_cortex.o
                0x0800508e                HAL_NVIC_EnableIRQ
 .text.HAL_SYSTICK_Config
                0x080050aa       0x18 ./Drivers/STM32H7xx_HAL_Driver/stm32h7xx_hal_cortex.o
                0x080050aa                HAL_SYSTICK_Config
 *fill*         0x080050c2        0x2 
 .text.HAL_GetCurrentCPUID
                0x080050c4       0x28 ./Drivers/STM32H7xx_HAL_Driver/stm32h7xx_hal_cortex.o
                0x080050c4                HAL_GetCurrentCPUID
 .text.HAL_DAC_Init
                0x080050ec       0x44 ./Drivers/STM32H7xx_HAL_Driver/stm32h7xx_hal_dac.o
                0x080050ec                HAL_DAC_Init
 .text.HAL_DAC_Start
                0x08005130       0xae ./Drivers/STM32H7xx_HAL_Driver/stm32h7xx_hal_dac.o
                0x08005130                HAL_DAC_Start
 *fill*         0x080051de        0x2 
 .text.HAL_DAC_Start_DMA
                0x080051e0      0x180 ./Drivers/STM32H7xx_HAL_Driver/stm32h7xx_hal_dac.o
                0x080051e0                HAL_DAC_Start_DMA
 .text.HAL_DAC_ConvCpltCallbackCh1
                0x08005360       0x14 ./Drivers/STM32H7xx_HAL_Driver/stm32h7xx_hal_dac.o
                0x08005360                HAL_DAC_ConvCpltCallbackCh1
 .text.HAL_DAC_ConvHalfCpltCallbackCh1
                0x08005374       0x14 ./Drivers/STM32H7xx_HAL_Driver/stm32h7xx_hal_dac.o
                0x08005374                HAL_DAC_ConvHalfCpltCallbackCh1
 .text.HAL_DAC_ErrorCallbackCh1
                0x08005388       0x14 ./Drivers/STM32H7xx_HAL_Driver/stm32h7xx_hal_dac.o
                0x08005388                HAL_DAC_ErrorCallbackCh1
 .text.HAL_DAC_ConfigChannel
                0x0800539c      0x28c ./Drivers/STM32H7xx_HAL_Driver/stm32h7xx_hal_dac.o
                0x0800539c                HAL_DAC_ConfigChannel
 .text.DAC_DMAConvCpltCh1
                0x08005628       0x22 ./Drivers/STM32H7xx_HAL_Driver/stm32h7xx_hal_dac.o
                0x08005628                DAC_DMAConvCpltCh1
 .text.DAC_DMAHalfConvCpltCh1
                0x0800564a       0x1c ./Drivers/STM32H7xx_HAL_Driver/stm32h7xx_hal_dac.o
                0x0800564a                DAC_DMAHalfConvCpltCh1
 .text.DAC_DMAErrorCh1
                0x08005666       0x2e ./Drivers/STM32H7xx_HAL_Driver/stm32h7xx_hal_dac.o
                0x08005666                DAC_DMAErrorCh1
 .text.HAL_DACEx_ConvCpltCallbackCh2
                0x08005694       0x14 ./Drivers/STM32H7xx_HAL_Driver/stm32h7xx_hal_dac_ex.o
                0x08005694                HAL_DACEx_ConvCpltCallbackCh2
 .text.HAL_DACEx_ConvHalfCpltCallbackCh2
                0x080056a8       0x14 ./Drivers/STM32H7xx_HAL_Driver/stm32h7xx_hal_dac_ex.o
                0x080056a8                HAL_DACEx_ConvHalfCpltCallbackCh2
 .text.HAL_DACEx_ErrorCallbackCh2
                0x080056bc       0x14 ./Drivers/STM32H7xx_HAL_Driver/stm32h7xx_hal_dac_ex.o
                0x080056bc                HAL_DACEx_ErrorCallbackCh2
 .text.DAC_DMAConvCpltCh2
                0x080056d0       0x22 ./Drivers/STM32H7xx_HAL_Driver/stm32h7xx_hal_dac_ex.o
                0x080056d0                DAC_DMAConvCpltCh2
 .text.DAC_DMAHalfConvCpltCh2
                0x080056f2       0x1c ./Drivers/STM32H7xx_HAL_Driver/stm32h7xx_hal_dac_ex.o
                0x080056f2                DAC_DMAHalfConvCpltCh2
 .text.DAC_DMAErrorCh2
                0x0800570e       0x2e ./Drivers/STM32H7xx_HAL_Driver/stm32h7xx_hal_dac_ex.o
                0x0800570e                DAC_DMAErrorCh2
 .text.HAL_DMA_Init
                0x0800573c      0x6b8 ./Drivers/STM32H7xx_HAL_Driver/stm32h7xx_hal_dma.o
                0x0800573c                HAL_DMA_Init
 .text.HAL_DMA_Start_IT
                0x08005df4      0x4d4 ./Drivers/STM32H7xx_HAL_Driver/stm32h7xx_hal_dma.o
                0x08005df4                HAL_DMA_Start_IT
 .text.HAL_DMA_IRQHandler
                0x080062c8      0xe54 ./Drivers/STM32H7xx_HAL_Driver/stm32h7xx_hal_dma.o
                0x080062c8                HAL_DMA_IRQHandler
 .text.DMA_SetConfig
                0x0800711c      0x358 ./Drivers/STM32H7xx_HAL_Driver/stm32h7xx_hal_dma.o
 .text.DMA_CalcBaseAndBitshift
                0x08007474      0x164 ./Drivers/STM32H7xx_HAL_Driver/stm32h7xx_hal_dma.o
 .text.DMA_CheckFifoParam
                0x080075d8       0xf8 ./Drivers/STM32H7xx_HAL_Driver/stm32h7xx_hal_dma.o
 .text.DMA_CalcDMAMUXChannelBaseAndMask
                0x080076d0      0x134 ./Drivers/STM32H7xx_HAL_Driver/stm32h7xx_hal_dma.o
 .text.DMA_CalcDMAMUXRequestGenBaseAndMask
                0x08007804       0xe8 ./Drivers/STM32H7xx_HAL_Driver/stm32h7xx_hal_dma.o
 .text.HAL_EXTI_RegisterCallback
                0x080078ec       0x3e ./Drivers/STM32H7xx_HAL_Driver/stm32h7xx_hal_exti.o
                0x080078ec                HAL_EXTI_RegisterCallback
 .text.HAL_EXTI_GetHandle
                0x0800792a       0x28 ./Drivers/STM32H7xx_HAL_Driver/stm32h7xx_hal_exti.o
                0x0800792a                HAL_EXTI_GetHandle
 *fill*         0x08007952        0x2 
 .text.HAL_EXTI_IRQHandler
                0x08007954       0x78 ./Drivers/STM32H7xx_HAL_Driver/stm32h7xx_hal_exti.o
                0x08007954                HAL_EXTI_IRQHandler
 .text.HAL_GPIO_Init
                0x080079cc      0x360 ./Drivers/STM32H7xx_HAL_Driver/stm32h7xx_hal_gpio.o
                0x080079cc                HAL_GPIO_Init
 .text.HAL_GPIO_WritePin
                0x08007d2c       0x32 ./Drivers/STM32H7xx_HAL_Driver/stm32h7xx_hal_gpio.o
                0x08007d2c                HAL_GPIO_WritePin
 .text.HAL_GPIO_TogglePin
                0x08007d5e       0x34 ./Drivers/STM32H7xx_HAL_Driver/stm32h7xx_hal_gpio.o
                0x08007d5e                HAL_GPIO_TogglePin
 .text.HAL_GPIO_EXTI_IRQHandler
                0x08007d92       0x34 ./Drivers/STM32H7xx_HAL_Driver/stm32h7xx_hal_gpio.o
                0x08007d92                HAL_GPIO_EXTI_IRQHandler
 *fill*         0x08007dc6        0x2 
 .text.HAL_HSEM_FastTake
                0x08007dc8       0x34 ./Drivers/STM32H7xx_HAL_Driver/stm32h7xx_hal_hsem.o
                0x08007dc8                HAL_HSEM_FastTake
 .text.HAL_HSEM_Release
                0x08007dfc       0x28 ./Drivers/STM32H7xx_HAL_Driver/stm32h7xx_hal_hsem.o
                0x08007dfc                HAL_HSEM_Release
 .text.HAL_PWREx_ConfigSupply
                0x08007e24       0xb4 ./Drivers/STM32H7xx_HAL_Driver/stm32h7xx_hal_pwr_ex.o
                0x08007e24                HAL_PWREx_ConfigSupply
 .text.HAL_RCC_OscConfig
                0x08007ed8      0x8b4 ./Drivers/STM32H7xx_HAL_Driver/stm32h7xx_hal_rcc.o
                0x08007ed8                HAL_RCC_OscConfig
 .text.HAL_RCC_ClockConfig
                0x0800878c      0x36c ./Drivers/STM32H7xx_HAL_Driver/stm32h7xx_hal_rcc.o
                0x0800878c                HAL_RCC_ClockConfig
 .text.HAL_RCC_GetSysClockFreq
                0x08008af8      0x2f4 ./Drivers/STM32H7xx_HAL_Driver/stm32h7xx_hal_rcc.o
                0x08008af8                HAL_RCC_GetSysClockFreq
 .text.HAL_RCC_GetHCLKFreq
                0x08008dec       0x60 ./Drivers/STM32H7xx_HAL_Driver/stm32h7xx_hal_rcc.o
                0x08008dec                HAL_RCC_GetHCLKFreq
 .text.HAL_RCC_GetPCLK1Freq
                0x08008e4c       0x2c ./Drivers/STM32H7xx_HAL_Driver/stm32h7xx_hal_rcc.o
                0x08008e4c                HAL_RCC_GetPCLK1Freq
 .text.HAL_RCC_GetPCLK2Freq
                0x08008e78       0x2c ./Drivers/STM32H7xx_HAL_Driver/stm32h7xx_hal_rcc.o
                0x08008e78                HAL_RCC_GetPCLK2Freq
 .text.HAL_RCCEx_PeriphCLKConfig
                0x08008ea4     0x1414 ./Drivers/STM32H7xx_HAL_Driver/stm32h7xx_hal_rcc_ex.o
                0x08008ea4                HAL_RCCEx_PeriphCLKConfig
 .text.HAL_RCCEx_GetPeriphCLKFreq
                0x0800a2b8      0xb00 ./Drivers/STM32H7xx_HAL_Driver/stm32h7xx_hal_rcc_ex.o
                0x0800a2b8                HAL_RCCEx_GetPeriphCLKFreq
 .text.HAL_RCCEx_GetD3PCLK1Freq
                0x0800adb8       0x2c ./Drivers/STM32H7xx_HAL_Driver/stm32h7xx_hal_rcc_ex.o
                0x0800adb8                HAL_RCCEx_GetD3PCLK1Freq
 .text.HAL_RCCEx_GetPLL2ClockFreq
                0x0800ade4      0x2a8 ./Drivers/STM32H7xx_HAL_Driver/stm32h7xx_hal_rcc_ex.o
                0x0800ade4                HAL_RCCEx_GetPLL2ClockFreq
 .text.HAL_RCCEx_GetPLL3ClockFreq
                0x0800b08c      0x2a8 ./Drivers/STM32H7xx_HAL_Driver/stm32h7xx_hal_rcc_ex.o
                0x0800b08c                HAL_RCCEx_GetPLL3ClockFreq
 .text.HAL_RCCEx_GetPLL1ClockFreq
                0x0800b334      0x2a4 ./Drivers/STM32H7xx_HAL_Driver/stm32h7xx_hal_rcc_ex.o
                0x0800b334                HAL_RCCEx_GetPLL1ClockFreq
 .text.RCCEx_PLL2_Config
                0x0800b5d8      0x164 ./Drivers/STM32H7xx_HAL_Driver/stm32h7xx_hal_rcc_ex.o
 .text.RCCEx_PLL3_Config
                0x0800b73c      0x164 ./Drivers/STM32H7xx_HAL_Driver/stm32h7xx_hal_rcc_ex.o
 .text.HAL_TIM_Base_Init
                0x0800b8a0       0xae ./Drivers/STM32H7xx_HAL_Driver/stm32h7xx_hal_tim.o
                0x0800b8a0                HAL_TIM_Base_Init
 *fill*         0x0800b94e        0x2 
 .text.HAL_TIM_Base_Start_IT
                0x0800b950       0xf0 ./Drivers/STM32H7xx_HAL_Driver/stm32h7xx_hal_tim.o
                0x0800b950                HAL_TIM_Base_Start_IT
 .text.HAL_TIM_PWM_Init
                0x0800ba40       0xae ./Drivers/STM32H7xx_HAL_Driver/stm32h7xx_hal_tim.o
                0x0800ba40                HAL_TIM_PWM_Init
 .text.HAL_TIM_PWM_MspInit
                0x0800baee       0x14 ./Drivers/STM32H7xx_HAL_Driver/stm32h7xx_hal_tim.o
                0x0800baee                HAL_TIM_PWM_MspInit
 *fill*         0x0800bb02        0x2 
 .text.HAL_TIM_PWM_Start
                0x0800bb04      0x21c ./Drivers/STM32H7xx_HAL_Driver/stm32h7xx_hal_tim.o
                0x0800bb04                HAL_TIM_PWM_Start
 .text.HAL_TIM_Encoder_Init
                0x0800bd20      0x14c ./Drivers/STM32H7xx_HAL_Driver/stm32h7xx_hal_tim.o
                0x0800bd20                HAL_TIM_Encoder_Init
 .text.HAL_TIM_Encoder_Start
                0x0800be6c      0x11c ./Drivers/STM32H7xx_HAL_Driver/stm32h7xx_hal_tim.o
                0x0800be6c                HAL_TIM_Encoder_Start
 .text.HAL_TIM_IRQHandler
                0x0800bf88      0x20e ./Drivers/STM32H7xx_HAL_Driver/stm32h7xx_hal_tim.o
                0x0800bf88                HAL_TIM_IRQHandler
 *fill*         0x0800c196        0x2 
 .text.HAL_TIM_PWM_ConfigChannel
                0x0800c198      0x228 ./Drivers/STM32H7xx_HAL_Driver/stm32h7xx_hal_tim.o
                0x0800c198                HAL_TIM_PWM_ConfigChannel
 .text.HAL_TIM_ConfigClockSource
                0x0800c3c0      0x1f0 ./Drivers/STM32H7xx_HAL_Driver/stm32h7xx_hal_tim.o
                0x0800c3c0                HAL_TIM_ConfigClockSource
 .text.HAL_TIM_SlaveConfigSynchro
                0x0800c5b0       0x84 ./Drivers/STM32H7xx_HAL_Driver/stm32h7xx_hal_tim.o
                0x0800c5b0                HAL_TIM_SlaveConfigSynchro
 .text.HAL_TIM_OC_DelayElapsedCallback
                0x0800c634       0x14 ./Drivers/STM32H7xx_HAL_Driver/stm32h7xx_hal_tim.o
                0x0800c634                HAL_TIM_OC_DelayElapsedCallback
 .text.HAL_TIM_IC_CaptureCallback
                0x0800c648       0x14 ./Drivers/STM32H7xx_HAL_Driver/stm32h7xx_hal_tim.o
                0x0800c648                HAL_TIM_IC_CaptureCallback
 .text.HAL_TIM_PWM_PulseFinishedCallback
                0x0800c65c       0x14 ./Drivers/STM32H7xx_HAL_Driver/stm32h7xx_hal_tim.o
                0x0800c65c                HAL_TIM_PWM_PulseFinishedCallback
 .text.HAL_TIM_TriggerCallback
                0x0800c670       0x14 ./Drivers/STM32H7xx_HAL_Driver/stm32h7xx_hal_tim.o
                0x0800c670                HAL_TIM_TriggerCallback
 .text.TIM_Base_SetConfig
                0x0800c684      0x140 ./Drivers/STM32H7xx_HAL_Driver/stm32h7xx_hal_tim.o
                0x0800c684                TIM_Base_SetConfig
 .text.TIM_OC1_SetConfig
                0x0800c7c4      0x120 ./Drivers/STM32H7xx_HAL_Driver/stm32h7xx_hal_tim.o
 .text.TIM_OC2_SetConfig
                0x0800c8e4      0x114 ./Drivers/STM32H7xx_HAL_Driver/stm32h7xx_hal_tim.o
                0x0800c8e4                TIM_OC2_SetConfig
 .text.TIM_OC3_SetConfig
                0x0800c9f8      0x110 ./Drivers/STM32H7xx_HAL_Driver/stm32h7xx_hal_tim.o
 .text.TIM_OC4_SetConfig
                0x0800cb08       0xd4 ./Drivers/STM32H7xx_HAL_Driver/stm32h7xx_hal_tim.o
 .text.TIM_OC5_SetConfig
                0x0800cbdc       0xc8 ./Drivers/STM32H7xx_HAL_Driver/stm32h7xx_hal_tim.o
 .text.TIM_OC6_SetConfig
                0x0800cca4       0xcc ./Drivers/STM32H7xx_HAL_Driver/stm32h7xx_hal_tim.o
 .text.TIM_SlaveTimer_SetConfig
                0x0800cd70      0x1d4 ./Drivers/STM32H7xx_HAL_Driver/stm32h7xx_hal_tim.o
 .text.TIM_TI1_ConfigInputStage
                0x0800cf44       0x5e ./Drivers/STM32H7xx_HAL_Driver/stm32h7xx_hal_tim.o
 .text.TIM_TI2_ConfigInputStage
                0x0800cfa2       0x60 ./Drivers/STM32H7xx_HAL_Driver/stm32h7xx_hal_tim.o
 *fill*         0x0800d002        0x2 
 .text.TIM_ITRx_SetConfig
                0x0800d004       0x3c ./Drivers/STM32H7xx_HAL_Driver/stm32h7xx_hal_tim.o
 .text.TIM_ETR_SetConfig
                0x0800d040       0x40 ./Drivers/STM32H7xx_HAL_Driver/stm32h7xx_hal_tim.o
                0x0800d040                TIM_ETR_SetConfig
 .text.TIM_CCxChannelCmd
                0x0800d080       0x4a ./Drivers/STM32H7xx_HAL_Driver/stm32h7xx_hal_tim.o
                0x0800d080                TIM_CCxChannelCmd
 *fill*         0x0800d0ca        0x2 
 .text.HAL_TIMEx_PWMN_Start
                0x0800d0cc      0x184 ./Drivers/STM32H7xx_HAL_Driver/stm32h7xx_hal_tim_ex.o
                0x0800d0cc                HAL_TIMEx_PWMN_Start
 .text.HAL_TIMEx_MasterConfigSynchronization
                0x0800d250      0x11c ./Drivers/STM32H7xx_HAL_Driver/stm32h7xx_hal_tim_ex.o
                0x0800d250                HAL_TIMEx_MasterConfigSynchronization
 .text.HAL_TIMEx_ConfigBreakDeadTime
                0x0800d36c       0xfc ./Drivers/STM32H7xx_HAL_Driver/stm32h7xx_hal_tim_ex.o
                0x0800d36c                HAL_TIMEx_ConfigBreakDeadTime
 .text.HAL_TIMEx_CommutCallback
                0x0800d468       0x14 ./Drivers/STM32H7xx_HAL_Driver/stm32h7xx_hal_tim_ex.o
                0x0800d468                HAL_TIMEx_CommutCallback
 .text.HAL_TIMEx_BreakCallback
                0x0800d47c       0x14 ./Drivers/STM32H7xx_HAL_Driver/stm32h7xx_hal_tim_ex.o
                0x0800d47c                HAL_TIMEx_BreakCallback
 .text.HAL_TIMEx_Break2Callback
                0x0800d490       0x14 ./Drivers/STM32H7xx_HAL_Driver/stm32h7xx_hal_tim_ex.o
                0x0800d490                HAL_TIMEx_Break2Callback
 .text.TIM_CCxNChannelCmd
                0x0800d4a4       0x4a ./Drivers/STM32H7xx_HAL_Driver/stm32h7xx_hal_tim_ex.o
 .text.HAL_UART_Init
                0x0800d4ee       0xa0 ./Drivers/STM32H7xx_HAL_Driver/stm32h7xx_hal_uart.o
                0x0800d4ee                HAL_UART_Init
 .text.HAL_UART_MspInit
                0x0800d58e       0x14 ./Drivers/STM32H7xx_HAL_Driver/stm32h7xx_hal_uart.o
                0x0800d58e                HAL_UART_MspInit
 *fill*         0x0800d5a2        0x2 
 .text.UART_SetConfig
                0x0800d5a4      0xad0 ./Drivers/STM32H7xx_HAL_Driver/stm32h7xx_hal_uart.o
                0x0800d5a4                UART_SetConfig
 .text.UART_AdvFeatureConfig
                0x0800e074      0x144 ./Drivers/STM32H7xx_HAL_Driver/stm32h7xx_hal_uart.o
                0x0800e074                UART_AdvFeatureConfig
 .text.UART_CheckIdleState
                0x0800e1b8      0x154 ./Drivers/STM32H7xx_HAL_Driver/stm32h7xx_hal_uart.o
                0x0800e1b8                UART_CheckIdleState
 .text.UART_WaitOnFlagUntilTimeout
                0x0800e30c       0xda ./Drivers/STM32H7xx_HAL_Driver/stm32h7xx_hal_uart.o
                0x0800e30c                UART_WaitOnFlagUntilTimeout
 *fill*         0x0800e3e6        0x2 
 .text.UART_EndRxTransfer
                0x0800e3e8       0xcc ./Drivers/STM32H7xx_HAL_Driver/stm32h7xx_hal_uart.o
 .text.memset   0x0800e4b4       0x10 C:/ST/STM32CubeIDE_1.17.0/STM32CubeIDE/plugins/com.st.stm32cube.ide.mcu.externaltools.gnu-tools-for-stm32.12.3.rel1.win32_1.1.0.202410251130/tools/bin/../lib/gcc/arm-none-eabi/12.3.1/../../../../arm-none-eabi/lib/thumb/v7e-m+dp/hard\libc_nano.a(libc_a-memset.o)
                0x0800e4b4                memset
 .text.__libc_init_array
                0x0800e4c4       0x48 C:/ST/STM32CubeIDE_1.17.0/STM32CubeIDE/plugins/com.st.stm32cube.ide.mcu.externaltools.gnu-tools-for-stm32.12.3.rel1.win32_1.1.0.202410251130/tools/bin/../lib/gcc/arm-none-eabi/12.3.1/../../../../arm-none-eabi/lib/thumb/v7e-m+dp/hard\libc_nano.a(libc_a-init.o)
                0x0800e4c4                __libc_init_array
 *fill*         0x0800e50c        0x4 
 .text.sin      0x0800e510       0x98 C:/ST/STM32CubeIDE_1.17.0/STM32CubeIDE/plugins/com.st.stm32cube.ide.mcu.externaltools.gnu-tools-for-stm32.12.3.rel1.win32_1.1.0.202410251130/tools/bin/../lib/gcc/arm-none-eabi/12.3.1/../../../../arm-none-eabi/lib/thumb/v7e-m+dp/hard\libm.a(libm_a-s_sin.o)
                0x0800e510                sin
 .text.__kernel_cos
                0x0800e5a8       0xd0 C:/ST/STM32CubeIDE_1.17.0/STM32CubeIDE/plugins/com.st.stm32cube.ide.mcu.externaltools.gnu-tools-for-stm32.12.3.rel1.win32_1.1.0.202410251130/tools/bin/../lib/gcc/arm-none-eabi/12.3.1/../../../../arm-none-eabi/lib/thumb/v7e-m+dp/hard\libm.a(libm_a-k_cos.o)
                0x0800e5a8                __kernel_cos
 .text.__kernel_sin
                0x0800e678       0xb0 C:/ST/STM32CubeIDE_1.17.0/STM32CubeIDE/plugins/com.st.stm32cube.ide.mcu.externaltools.gnu-tools-for-stm32.12.3.rel1.win32_1.1.0.202410251130/tools/bin/../lib/gcc/arm-none-eabi/12.3.1/../../../../arm-none-eabi/lib/thumb/v7e-m+dp/hard\libm.a(libm_a-k_sin.o)
                0x0800e678                __kernel_sin
 .text.__ieee754_rem_pio2
                0x0800e728      0x288 C:/ST/STM32CubeIDE_1.17.0/STM32CubeIDE/plugins/com.st.stm32cube.ide.mcu.externaltools.gnu-tools-for-stm32.12.3.rel1.win32_1.1.0.202410251130/tools/bin/../lib/gcc/arm-none-eabi/12.3.1/../../../../arm-none-eabi/lib/thumb/v7e-m+dp/hard\libm.a(libm_a-e_rem_pio2.o)
                0x0800e728                __ieee754_rem_pio2
 .text.fabs     0x0800e9b0       0x10 C:/ST/STM32CubeIDE_1.17.0/STM32CubeIDE/plugins/com.st.stm32cube.ide.mcu.externaltools.gnu-tools-for-stm32.12.3.rel1.win32_1.1.0.202410251130/tools/bin/../lib/gcc/arm-none-eabi/12.3.1/../../../../arm-none-eabi/lib/thumb/v7e-m+dp/hard\libm.a(libm_a-s_fabs.o)
                0x0800e9b0                fabs
 .text.__kernel_rem_pio2
                0x0800e9c0      0x4f8 C:/ST/STM32CubeIDE_1.17.0/STM32CubeIDE/plugins/com.st.stm32cube.ide.mcu.externaltools.gnu-tools-for-stm32.12.3.rel1.win32_1.1.0.202410251130/tools/bin/../lib/gcc/arm-none-eabi/12.3.1/../../../../arm-none-eabi/lib/thumb/v7e-m+dp/hard\libm.a(libm_a-k_rem_pio2.o)
                0x0800e9c0                __kernel_rem_pio2
 .text.scalbn   0x0800eeb8       0xfc C:/ST/STM32CubeIDE_1.17.0/STM32CubeIDE/plugins/com.st.stm32cube.ide.mcu.externaltools.gnu-tools-for-stm32.12.3.rel1.win32_1.1.0.202410251130/tools/bin/../lib/gcc/arm-none-eabi/12.3.1/../../../../arm-none-eabi/lib/thumb/v7e-m+dp/hard\libm.a(libm_a-s_scalbn.o)
                0x0800eeb8                scalbn
 *fill*         0x0800efb4        0x4 
 .text.floor    0x0800efb8       0xf0 C:/ST/STM32CubeIDE_1.17.0/STM32CubeIDE/plugins/com.st.stm32cube.ide.mcu.externaltools.gnu-tools-for-stm32.12.3.rel1.win32_1.1.0.202410251130/tools/bin/../lib/gcc/arm-none-eabi/12.3.1/../../../../arm-none-eabi/lib/thumb/v7e-m+dp/hard\libm.a(libm_a-s_floor.o)
                0x0800efb8                floor
 *(.glue_7)
 .glue_7        0x0800f0a8        0x0 linker stubs
 *(.glue_7t)
 .glue_7t       0x0800f0a8        0x0 linker stubs
 *(.eh_frame)
 .eh_frame      0x0800f0a8        0x0 C:/ST/STM32CubeIDE_1.17.0/STM32CubeIDE/plugins/com.st.stm32cube.ide.mcu.externaltools.gnu-tools-for-stm32.12.3.rel1.win32_1.1.0.202410251130/tools/bin/../lib/gcc/arm-none-eabi/12.3.1/thumb/v7e-m+dp/hard/crtbegin.o
 *(.init)
 .init          0x0800f0a8        0x4 C:/ST/STM32CubeIDE_1.17.0/STM32CubeIDE/plugins/com.st.stm32cube.ide.mcu.externaltools.gnu-tools-for-stm32.12.3.rel1.win32_1.1.0.202410251130/tools/bin/../lib/gcc/arm-none-eabi/12.3.1/thumb/v7e-m+dp/hard/crti.o
                0x0800f0a8                _init
 .init          0x0800f0ac        0x8 C:/ST/STM32CubeIDE_1.17.0/STM32CubeIDE/plugins/com.st.stm32cube.ide.mcu.externaltools.gnu-tools-for-stm32.12.3.rel1.win32_1.1.0.202410251130/tools/bin/../lib/gcc/arm-none-eabi/12.3.1/thumb/v7e-m+dp/hard/crtn.o
 *(.fini)
 .fini          0x0800f0b4        0x4 C:/ST/STM32CubeIDE_1.17.0/STM32CubeIDE/plugins/com.st.stm32cube.ide.mcu.externaltools.gnu-tools-for-stm32.12.3.rel1.win32_1.1.0.202410251130/tools/bin/../lib/gcc/arm-none-eabi/12.3.1/thumb/v7e-m+dp/hard/crti.o
                0x0800f0b4                _fini
 .fini          0x0800f0b8        0x8 C:/ST/STM32CubeIDE_1.17.0/STM32CubeIDE/plugins/com.st.stm32cube.ide.mcu.externaltools.gnu-tools-for-stm32.12.3.rel1.win32_1.1.0.202410251130/tools/bin/../lib/gcc/arm-none-eabi/12.3.1/thumb/v7e-m+dp/hard/crtn.o
                0x0800f0c0                        . = ALIGN (0x4)
                0x0800f0c0                        _etext = .

.vfp11_veneer   0x0800f0c0        0x0
 .vfp11_veneer  0x0800f0c0        0x0 linker stubs

.v4_bx          0x0800f0c0        0x0
 .v4_bx         0x0800f0c0        0x0 linker stubs

.iplt           0x0800f0c0        0x0
 .iplt          0x0800f0c0        0x0 C:/ST/STM32CubeIDE_1.17.0/STM32CubeIDE/plugins/com.st.stm32cube.ide.mcu.externaltools.gnu-tools-for-stm32.12.3.rel1.win32_1.1.0.202410251130/tools/bin/../lib/gcc/arm-none-eabi/12.3.1/thumb/v7e-m+dp/hard/crtbegin.o

.rodata         0x0800f0c0      0x210
                0x0800f0c0                        . = ALIGN (0x4)
 *(.rodata)
 *(.rodata*)
 .rodata.D1CorePrescTable
                0x0800f0c0       0x10 ./Common/Src/system_stm32h7xx_dualcore_boot_cm4_cm7.o
                0x0800f0c0                D1CorePrescTable
 .rodata.BUTTON_EXTI_LINE.2
                0x0800f0d0        0x4 ./Drivers/BSP/STM32H7xx_Nucleo/stm32h7xx_nucleo.o
 .rodata.flagBitshiftOffset.0
                0x0800f0d4        0x8 ./Drivers/STM32H7xx_HAL_Driver/stm32h7xx_hal_dma.o
 .rodata.UARTPrescTable
                0x0800f0dc       0x18 ./Drivers/STM32H7xx_HAL_Driver/stm32h7xx_hal_uart.o
                0x0800f0dc                UARTPrescTable
 .rodata.npio2_hw
                0x0800f0f4       0x80 C:/ST/STM32CubeIDE_1.17.0/STM32CubeIDE/plugins/com.st.stm32cube.ide.mcu.externaltools.gnu-tools-for-stm32.12.3.rel1.win32_1.1.0.202410251130/tools/bin/../lib/gcc/arm-none-eabi/12.3.1/../../../../arm-none-eabi/lib/thumb/v7e-m+dp/hard\libm.a(libm_a-e_rem_pio2.o)
 .rodata.two_over_pi
                0x0800f174      0x108 C:/ST/STM32CubeIDE_1.17.0/STM32CubeIDE/plugins/com.st.stm32cube.ide.mcu.externaltools.gnu-tools-for-stm32.12.3.rel1.win32_1.1.0.202410251130/tools/bin/../lib/gcc/arm-none-eabi/12.3.1/../../../../arm-none-eabi/lib/thumb/v7e-m+dp/hard\libm.a(libm_a-e_rem_pio2.o)
 *fill*         0x0800f27c        0x4 
 .rodata.PIo2   0x0800f280       0x40 C:/ST/STM32CubeIDE_1.17.0/STM32CubeIDE/plugins/com.st.stm32cube.ide.mcu.externaltools.gnu-tools-for-stm32.12.3.rel1.win32_1.1.0.202410251130/tools/bin/../lib/gcc/arm-none-eabi/12.3.1/../../../../arm-none-eabi/lib/thumb/v7e-m+dp/hard\libm.a(libm_a-k_rem_pio2.o)
 .rodata.init_jk
                0x0800f2c0       0x10 C:/ST/STM32CubeIDE_1.17.0/STM32CubeIDE/plugins/com.st.stm32cube.ide.mcu.externaltools.gnu-tools-for-stm32.12.3.rel1.win32_1.1.0.202410251130/tools/bin/../lib/gcc/arm-none-eabi/12.3.1/../../../../arm-none-eabi/lib/thumb/v7e-m+dp/hard\libm.a(libm_a-k_rem_pio2.o)
                0x0800f2d0                        . = ALIGN (0x4)

.ARM.extab      0x0800f2d0        0x0
                0x0800f2d0                        . = ALIGN (0x4)
 *(.ARM.extab* .gnu.linkonce.armextab.*)
                0x0800f2d0                        . = ALIGN (0x4)

.ARM            0x0800f2d0        0x8
                0x0800f2d0                        . = ALIGN (0x4)
                0x0800f2d0                        __exidx_start = .
 *(.ARM.exidx*)
 .ARM.exidx     0x0800f2d0        0x8 C:/ST/STM32CubeIDE_1.17.0/STM32CubeIDE/plugins/com.st.stm32cube.ide.mcu.externaltools.gnu-tools-for-stm32.12.3.rel1.win32_1.1.0.202410251130/tools/bin/../lib/gcc/arm-none-eabi/12.3.1/thumb/v7e-m+dp/hard\libgcc.a(_udivmoddi4.o)
                0x0800f2d8                        __exidx_end = .
                0x0800f2d8                        . = ALIGN (0x4)

.preinit_array  0x0800f2d8        0x0
                0x0800f2d8                        . = ALIGN (0x4)
                0x0800f2d8                        PROVIDE (__preinit_array_start = .)
 *(.preinit_array*)
                0x0800f2d8                        PROVIDE (__preinit_array_end = .)
                0x0800f2d8                        . = ALIGN (0x4)

.init_array     0x0800f2d8        0x4
                0x0800f2d8                        . = ALIGN (0x4)
                0x0800f2d8                        PROVIDE (__init_array_start = .)
 *(SORT_BY_NAME(.init_array.*))
 *(.init_array*)
 .init_array    0x0800f2d8        0x4 C:/ST/STM32CubeIDE_1.17.0/STM32CubeIDE/plugins/com.st.stm32cube.ide.mcu.externaltools.gnu-tools-for-stm32.12.3.rel1.win32_1.1.0.202410251130/tools/bin/../lib/gcc/arm-none-eabi/12.3.1/thumb/v7e-m+dp/hard/crtbegin.o
                0x0800f2dc                        PROVIDE (__init_array_end = .)
                0x0800f2dc                        . = ALIGN (0x4)

.fini_array     0x0800f2dc        0x4
                0x0800f2dc                        . = ALIGN (0x4)
                [!provide]                        PROVIDE (__fini_array_start = .)
 *(SORT_BY_NAME(.fini_array.*))
 *(.fini_array*)
 .fini_array    0x0800f2dc        0x4 C:/ST/STM32CubeIDE_1.17.0/STM32CubeIDE/plugins/com.st.stm32cube.ide.mcu.externaltools.gnu-tools-for-stm32.12.3.rel1.win32_1.1.0.202410251130/tools/bin/../lib/gcc/arm-none-eabi/12.3.1/thumb/v7e-m+dp/hard/crtbegin.o
                [!provide]                        PROVIDE (__fini_array_end = .)
                0x0800f2e0                        . = ALIGN (0x4)
                0x0800f2e0                        _sidata = LOADADDR (.data)

.rel.dyn        0x0800f2e0        0x0
 .rel.iplt      0x0800f2e0        0x0 C:/ST/STM32CubeIDE_1.17.0/STM32CubeIDE/plugins/com.st.stm32cube.ide.mcu.externaltools.gnu-tools-for-stm32.12.3.rel1.win32_1.1.0.202410251130/tools/bin/../lib/gcc/arm-none-eabi/12.3.1/thumb/v7e-m+dp/hard/crtbegin.o

.data           0x24000000       0x80 load address 0x0800f2e0
                0x24000000                        . = ALIGN (0x4)
                0x24000000                        _sdata = .
 *(.data)
 *(.data*)
 .data.SystemCoreClock
                0x24000000        0x4 ./Common/Src/system_stm32h7xx_dualcore_boot_cm4_cm7.o
                0x24000000                SystemCoreClock
 .data.SystemD2Clock
                0x24000004        0x4 ./Common/Src/system_stm32h7xx_dualcore_boot_cm4_cm7.o
                0x24000004                SystemD2Clock
 .data.duty     0x24000008        0x4 ./Core/Src/main.o
                0x24000008                duty
 .data.duty1    0x2400000c        0x4 ./Core/Src/main.o
                0x2400000c                duty1
 .data.Kp       0x24000010        0x4 ./Core/Src/main.o
                0x24000010                Kp
 .data.Ki       0x24000014        0x4 ./Core/Src/main.o
                0x24000014                Ki
 .data.Kp_par1  0x24000018        0x4 ./Core/Src/main.o
                0x24000018                Kp_par1
 .data.Ki_par1  0x2400001c        0x4 ./Core/Src/main.o
                0x2400001c                Ki_par1
 .data.angle_on
                0x24000020        0x4 ./Core/Src/main.o
                0x24000020                angle_on
 .data.angle_off
                0x24000024        0x4 ./Core/Src/main.o
                0x24000024                angle_off
 .data.current_ref
                0x24000028        0x4 ./Core/Src/main.o
                0x24000028                current_ref
 .data.B_switch
                0x2400002c        0x4 ./Core/Src/main.o
                0x2400002c                B_switch
 .data.min_L_a  0x24000030        0x4 ./Core/Src/main.o
                0x24000030                min_L_a
 .data.min_L_b  0x24000034        0x4 ./Core/Src/main.o
                0x24000034                min_L_b
 .data.min_L_c  0x24000038        0x4 ./Core/Src/main.o
                0x24000038                min_L_c
 .data.encoder  0x2400003c        0x4 ./Core/Src/main.o
                0x2400003c                encoder
 .data.L_a_filtered
                0x24000040        0x4 ./Core/Src/main.o
                0x24000040                L_a_filtered
 .data.L_b_filtered
                0x24000044        0x4 ./Core/Src/main.o
                0x24000044                L_b_filtered
 .data.L_c_filtered
                0x24000048        0x4 ./Core/Src/main.o
                0x24000048                L_c_filtered
 .data.index_num
                0x2400004c        0x4 ./Core/Src/main.o
                0x2400004c                index_num
 .data.temp     0x24000050        0x4 ./Core/Src/main.o
                0x24000050                temp
 .data.counttt  0x24000054        0x4 ./Core/Src/main.o
                0x24000054                counttt
 .data.countt   0x24000058        0x4 ./Core/Src/main.o
                0x24000058                countt
 .data.countttt
                0x2400005c        0x4 ./Core/Src/main.o
                0x2400005c                countttt
 .data.count5   0x24000060        0x4 ./Core/Src/main.o
                0x24000060                count5
 .data.sicid_val
                0x24000064        0x4 ./Core/Src/main.o
                0x24000064                sicid_val
 .data.COM_USART
                0x24000068        0x4 ./Drivers/BSP/STM32H7xx_Nucleo/stm32h7xx_nucleo.o
                0x24000068                COM_USART
 .data.BUTTON_PORT
                0x2400006c        0x4 ./Drivers/BSP/STM32H7xx_Nucleo/stm32h7xx_nucleo.o
 .data.ButtonCallback.1
                0x24000070        0x4 ./Drivers/BSP/STM32H7xx_Nucleo/stm32h7xx_nucleo.o
 .data.BSP_BUTTON_PRIO.0
                0x24000074        0x4 ./Drivers/BSP/STM32H7xx_Nucleo/stm32h7xx_nucleo.o
 .data.uwTickPrio
                0x24000078        0x4 ./Drivers/STM32H7xx_HAL_Driver/stm32h7xx_hal.o
                0x24000078                uwTickPrio
 .data.uwTickFreq
                0x2400007c        0x1 ./Drivers/STM32H7xx_HAL_Driver/stm32h7xx_hal.o
                0x2400007c                uwTickFreq
 *(.RamFunc)
 *(.RamFunc*)
                0x24000080                        . = ALIGN (0x4)
 *fill*         0x2400007d        0x3 
                0x24000080                        _edata = .

.igot.plt       0x24000080        0x0 load address 0x0800f360
 .igot.plt      0x24000080        0x0 C:/ST/STM32CubeIDE_1.17.0/STM32CubeIDE/plugins/com.st.stm32cube.ide.mcu.externaltools.gnu-tools-for-stm32.12.3.rel1.win32_1.1.0.202410251130/tools/bin/../lib/gcc/arm-none-eabi/12.3.1/thumb/v7e-m+dp/hard/crtbegin.o
                0x24000080                        . = ALIGN (0x4)

.bss            0x24000080    0x10254 load address 0x0800f360
                0x24000080                        _sbss = .
                0x24000080                        __bss_start__ = _sbss
 *(.bss)
 .bss           0x24000080       0x1c C:/ST/STM32CubeIDE_1.17.0/STM32CubeIDE/plugins/com.st.stm32cube.ide.mcu.externaltools.gnu-tools-for-stm32.12.3.rel1.win32_1.1.0.202410251130/tools/bin/../lib/gcc/arm-none-eabi/12.3.1/thumb/v7e-m+dp/hard/crtbegin.o
 *(.bss*)
 .bss.BspCOMInit
                0x2400009c       0x10 ./Core/Src/main.o
                0x2400009c                BspCOMInit
 .bss.hadc1     0x240000ac       0x64 ./Core/Src/main.o
                0x240000ac                hadc1
 .bss.hadc3     0x24000110       0x64 ./Core/Src/main.o
                0x24000110                hadc3
 .bss.hdma_adc1
                0x24000174       0x78 ./Core/Src/main.o
                0x24000174                hdma_adc1
 .bss.hdma_adc3
                0x240001ec       0x78 ./Core/Src/main.o
                0x240001ec                hdma_adc3
 .bss.hdac1     0x24000264       0x14 ./Core/Src/main.o
                0x24000264                hdac1
 .bss.hdma_dac1_ch1
                0x24000278       0x78 ./Core/Src/main.o
                0x24000278                hdma_dac1_ch1
 .bss.htim1     0x240002f0       0x4c ./Core/Src/main.o
                0x240002f0                htim1
 .bss.htim2     0x2400033c       0x4c ./Core/Src/main.o
                0x2400033c                htim2
 .bss.htim4     0x24000388       0x4c ./Core/Src/main.o
                0x24000388                htim4
 .bss.htim6     0x240003d4       0x4c ./Core/Src/main.o
                0x240003d4                htim6
 .bss.htim8     0x24000420       0x4c ./Core/Src/main.o
                0x24000420                htim8
 .bss.motor_start
                0x2400046c        0x4 ./Core/Src/main.o
                0x2400046c                motor_start
 .bss.duty_pre  0x24000470        0x4 ./Core/Src/main.o
                0x24000470                duty_pre
 .bss.p1_LUT    0x24000474     0x1000 ./Core/Src/main.o
                0x24000474                p1_LUT
 .bss.p2_LUT    0x24001474     0x1000 ./Core/Src/main.o
                0x24001474                p2_LUT
 .bss.p3_LUT    0x24002474     0x1000 ./Core/Src/main.o
                0x24002474                p3_LUT
 .bss.p1_ssLUT  0x24003474     0x2ee0 ./Core/Src/main.o
                0x24003474                p1_ssLUT
 .bss.p2_ssLUT  0x24006354     0x2ee0 ./Core/Src/main.o
                0x24006354                p2_ssLUT
 .bss.p3_ssLUT  0x24009234     0x2ee0 ./Core/Src/main.o
                0x24009234                p3_ssLUT
 .bss.enc_c     0x2400c114        0x4 ./Core/Src/main.o
                0x2400c114                enc_c
 .bss.adc_val   0x2400c118        0x8 ./Core/Src/main.o
                0x2400c118                adc_val
 .bss.uvw_val   0x2400c120        0x2 ./Core/Src/main.o
                0x2400c120                uvw_val
 *fill*         0x2400c122        0x2 
 .bss.current_offset
                0x2400c124        0x8 ./Core/Src/main.o
                0x2400c124                current_offset
 .bss.uvw_offset
                0x2400c12c        0x2 ./Core/Src/main.o
                0x2400c12c                uvw_offset
 *fill*         0x2400c12e        0x2 
 .bss.hfp_1     0x2400c130        0x4 ./Core/Src/main.o
                0x2400c130                hfp_1
 .bss.hfp_2     0x2400c134        0x4 ./Core/Src/main.o
                0x2400c134                hfp_2
 .bss.hfp_3     0x2400c138        0x4 ./Core/Src/main.o
                0x2400c138                hfp_3
 .bss.current   0x2400c13c        0x4 ./Core/Src/main.o
                0x2400c13c                current
 .bss.current_error
                0x2400c140        0x4 ./Core/Src/main.o
                0x2400c140                current_error
 .bss.current_error_sum
                0x2400c144        0x4 ./Core/Src/main.o
                0x2400c144                current_error_sum
 .bss.L_a       0x2400c148        0x4 ./Core/Src/main.o
                0x2400c148                L_a
 .bss.L_b       0x2400c14c        0x4 ./Core/Src/main.o
                0x2400c14c                L_b
 .bss.L_c       0x2400c150        0x4 ./Core/Src/main.o
                0x2400c150                L_c
 .bss.Lma       0x2400c154        0x4 ./Core/Src/main.o
                0x2400c154                Lma
 .bss.Lna       0x2400c158        0x4 ./Core/Src/main.o
                0x2400c158                Lna
 .bss.Lmb       0x2400c15c        0x4 ./Core/Src/main.o
                0x2400c15c                Lmb
 .bss.Lnb       0x2400c160        0x4 ./Core/Src/main.o
                0x2400c160                Lnb
 .bss.Lnc       0x2400c164        0x4 ./Core/Src/main.o
                0x2400c164                Lnc
 .bss.Lmc       0x2400c168        0x4 ./Core/Src/main.o
                0x2400c168                Lmc
 .bss.tim8_count
                0x2400c16c        0x4 ./Core/Src/main.o
                0x2400c16c                tim8_count
 .bss.tim8_start
                0x2400c170        0x4 ./Core/Src/main.o
                0x2400c170                tim8_start
 .bss.tim8_finish
                0x2400c174        0x4 ./Core/Src/main.o
                0x2400c174                tim8_finish
 .bss.tim8_count2
                0x2400c178        0x4 ./Core/Src/main.o
                0x2400c178                tim8_count2
 .bss.tim1_count3
                0x2400c17c        0x4 ./Core/Src/main.o
                0x2400c17c                tim1_count3
 .bss.tim8_start2
                0x2400c180        0x4 ./Core/Src/main.o
                0x2400c180                tim8_start2
 .bss.tim8_finish2
                0x2400c184        0x4 ./Core/Src/main.o
                0x2400c184                tim8_finish2
 .bss.tim1_start3
                0x2400c188        0x4 ./Core/Src/main.o
                0x2400c188                tim1_start3
 .bss.tim1_finish3
                0x2400c18c        0x4 ./Core/Src/main.o
                0x2400c18c                tim1_finish3
 .bss.chai_a    0x2400c190        0x4 ./Core/Src/main.o
                0x2400c190                chai_a
 .bss.chai_b    0x2400c194        0x4 ./Core/Src/main.o
                0x2400c194                chai_b
 .bss.chai_c    0x2400c198        0x4 ./Core/Src/main.o
                0x2400c198                chai_c
 .bss.example1  0x2400c19c        0x4 ./Core/Src/main.o
                0x2400c19c                example1
 .bss.example2  0x2400c1a0        0x4 ./Core/Src/main.o
                0x2400c1a0                example2
 .bss.example3  0x2400c1a4        0x4 ./Core/Src/main.o
                0x2400c1a4                example3
 .bss.example4  0x2400c1a8        0x4 ./Core/Src/main.o
                0x2400c1a8                example4
 .bss.example5  0x2400c1ac        0x4 ./Core/Src/main.o
                0x2400c1ac                example5
 .bss.example6  0x2400c1b0        0x4 ./Core/Src/main.o
                0x2400c1b0                example6
 .bss.chai_plus_a
                0x2400c1b4        0x4 ./Core/Src/main.o
                0x2400c1b4                chai_plus_a
 .bss.chai_minus_a
                0x2400c1b8        0x4 ./Core/Src/main.o
                0x2400c1b8                chai_minus_a
 .bss.chai_plus_b
                0x2400c1bc        0x4 ./Core/Src/main.o
                0x2400c1bc                chai_plus_b
 .bss.chai_minus_b
                0x2400c1c0        0x4 ./Core/Src/main.o
                0x2400c1c0                chai_minus_b
 .bss.chai_plus_c
                0x2400c1c4        0x4 ./Core/Src/main.o
                0x2400c1c4                chai_plus_c
 .bss.chai_minus_c
                0x2400c1c8        0x4 ./Core/Src/main.o
                0x2400c1c8                chai_minus_c
 .bss.stop_timer
                0x2400c1cc        0x4 ./Core/Src/main.o
                0x2400c1cc                stop_timer
 .bss.lut_angle
                0x2400c1d0        0x4 ./Core/Src/main.o
                0x2400c1d0                lut_angle
 .bss.plus_di_dt_a
                0x2400c1d4        0x4 ./Core/Src/main.o
                0x2400c1d4                plus_di_dt_a
 .bss.minus_di_dt_a
                0x2400c1d8        0x4 ./Core/Src/main.o
                0x2400c1d8                minus_di_dt_a
 .bss.plus_di_dt_b
                0x2400c1dc        0x4 ./Core/Src/main.o
                0x2400c1dc                plus_di_dt_b
 .bss.minus_di_dt_b
                0x2400c1e0        0x4 ./Core/Src/main.o
                0x2400c1e0                minus_di_dt_b
 .bss.plus_di_dt_c
                0x2400c1e4        0x4 ./Core/Src/main.o
                0x2400c1e4                plus_di_dt_c
 .bss.minus_di_dt_c
                0x2400c1e8        0x4 ./Core/Src/main.o
                0x2400c1e8                minus_di_dt_c
 .bss.enc_c_count
                0x2400c1ec        0x2 ./Core/Src/main.o
                0x2400c1ec                enc_c_count
 *fill*         0x2400c1ee        0x2 
 .bss.enc_z_phase
                0x2400c1f0        0x4 ./Core/Src/main.o
                0x2400c1f0                enc_z_phase
 .bss.theta_a   0x2400c1f4        0x4 ./Core/Src/main.o
                0x2400c1f4                theta_a
 .bss.angle_a   0x2400c1f8        0x4 ./Core/Src/main.o
                0x2400c1f8                angle_a
 .bss.theta_b   0x2400c1fc        0x4 ./Core/Src/main.o
                0x2400c1fc                theta_b
 .bss.theta_c   0x2400c200        0x4 ./Core/Src/main.o
                0x2400c200                theta_c
 .bss.sicid_start
                0x2400c204        0x4 ./Core/Src/main.o
                0x2400c204                sicid_start
 .bss.A_switch  0x2400c208        0x4 ./Core/Src/main.o
                0x2400c208                A_switch
 .bss.C_switch  0x2400c20c        0x4 ./Core/Src/main.o
                0x2400c20c                C_switch
 .bss.max_L_a   0x2400c210        0x4 ./Core/Src/main.o
                0x2400c210                max_L_a
 .bss.max_L_b   0x2400c214        0x4 ./Core/Src/main.o
                0x2400c214                max_L_b
 .bss.max_L_c   0x2400c218        0x4 ./Core/Src/main.o
                0x2400c218                max_L_c
 .bss.L_sin     0x2400c21c     0x3e80 ./Core/Src/main.o
                0x2400c21c                L_sin
 .bss.trigger_count
                0x2401009c        0x4 ./Core/Src/main.o
                0x2401009c                trigger_count
 .bss.a_ready   0x240100a0        0x2 ./Core/Src/main.o
                0x240100a0                a_ready
 .bss.b_ready   0x240100a2        0x2 ./Core/Src/main.o
                0x240100a2                b_ready
 .bss.c_ready   0x240100a4        0x2 ./Core/Src/main.o
                0x240100a4                c_ready
 *fill*         0x240100a6        0x2 
 .bss.used_L_a  0x240100a8        0x4 ./Core/Src/main.o
                0x240100a8                used_L_a
 .bss.used_L_b  0x240100ac        0x4 ./Core/Src/main.o
                0x240100ac                used_L_b
 .bss.used_L_c  0x240100b0        0x4 ./Core/Src/main.o
                0x240100b0                used_L_c
 .bss.L_a_filtered_values
                0x240100b4       0x50 ./Core/Src/main.o
                0x240100b4                L_a_filtered_values
 .bss.filtered_index_a
                0x24010104        0x4 ./Core/Src/main.o
                0x24010104                filtered_index_a
 .bss.L_a_filtered_average
                0x24010108        0x4 ./Core/Src/main.o
                0x24010108                L_a_filtered_average
 .bss.temp_chai_a1
                0x2401010c        0x4 ./Core/Src/main.o
                0x2401010c                temp_chai_a1
 .bss.current_num_a1
                0x24010110        0x4 ./Core/Src/main.o
                0x24010110                current_num_a1
 .bss.temp_chai_a2
                0x24010114        0x4 ./Core/Src/main.o
                0x24010114                temp_chai_a2
 .bss.current_num_a2
                0x24010118        0x4 ./Core/Src/main.o
                0x24010118                current_num_a2
 .bss.prev_L_a  0x2401011c        0x4 ./Core/Src/main.o
                0x2401011c                prev_L_a
 .bss.L_b_filtered_values
                0x24010120       0x50 ./Core/Src/main.o
                0x24010120                L_b_filtered_values
 .bss.filtered_index_b
                0x24010170        0x4 ./Core/Src/main.o
                0x24010170                filtered_index_b
 .bss.L_b_filtered_average
                0x24010174        0x4 ./Core/Src/main.o
                0x24010174                L_b_filtered_average
 .bss.temp_chai_b1
                0x24010178        0x4 ./Core/Src/main.o
                0x24010178                temp_chai_b1
 .bss.current_num_b1
                0x2401017c        0x4 ./Core/Src/main.o
                0x2401017c                current_num_b1
 .bss.temp_chai_b2
                0x24010180        0x4 ./Core/Src/main.o
                0x24010180                temp_chai_b2
 .bss.current_num_b2
                0x24010184        0x4 ./Core/Src/main.o
                0x24010184                current_num_b2
 .bss.prev_L_b  0x24010188        0x4 ./Core/Src/main.o
                0x24010188                prev_L_b
 .bss.L_c_filtered_values
                0x2401018c       0x50 ./Core/Src/main.o
                0x2401018c                L_c_filtered_values
 .bss.filtered_index_c
                0x240101dc        0x4 ./Core/Src/main.o
                0x240101dc                filtered_index_c
 .bss.L_c_filtered_average
                0x240101e0        0x4 ./Core/Src/main.o
                0x240101e0                L_c_filtered_average
 .bss.temp_chai_c1
                0x240101e4        0x4 ./Core/Src/main.o
                0x240101e4                temp_chai_c1
 .bss.current_num_c1
                0x240101e8        0x4 ./Core/Src/main.o
                0x240101e8                current_num_c1
 .bss.temp_chai_c2
                0x240101ec        0x4 ./Core/Src/main.o
                0x240101ec                temp_chai_c2
 .bss.current_num_c2
                0x240101f0        0x4 ./Core/Src/main.o
                0x240101f0                current_num_c2
 .bss.prev_L_c  0x240101f4        0x4 ./Core/Src/main.o
                0x240101f4                prev_L_c
 .bss.tim4_cnt  0x240101f8        0x4 ./Core/Src/main.o
                0x240101f8                tim4_cnt
 .bss.tim8_ccr  0x240101fc        0xc ./Core/Src/main.o
                0x240101fc                tim8_ccr
 .bss.prev2_L_a
                0x24010208        0x4 ./Core/Src/main.o
                0x24010208                prev2_L_a
 .bss.prev2_L_b
                0x2401020c        0x4 ./Core/Src/main.o
                0x2401020c                prev2_L_b
 .bss.prev2_L_c
                0x24010210        0x4 ./Core/Src/main.o
                0x24010210                prev2_L_c
 .bss.first_triggered
                0x24010214        0x2 ./Core/Src/main.o
                0x24010214                first_triggered
 .bss.converted_L_a
                0x24010216        0x2 ./Core/Src/main.o
                0x24010216                converted_L_a
 .bss.converted_L_a_filtered_average
                0x24010218        0x2 ./Core/Src/main.o
                0x24010218                converted_L_a_filtered_average
 .bss.converted_L_b
                0x2401021a        0x2 ./Core/Src/main.o
                0x2401021a                converted_L_b
 .bss.converted_L_b_filtered_average
                0x2401021c        0x2 ./Core/Src/main.o
                0x2401021c                converted_L_b_filtered_average
 .bss.converted_L_c
                0x2401021e        0x2 ./Core/Src/main.o
                0x2401021e                converted_L_c
 .bss.converted_L_c_filtered_average
                0x24010220        0x2 ./Core/Src/main.o
                0x24010220                converted_L_c_filtered_average
 .bss.converted_a_ready
                0x24010222        0x2 ./Core/Src/main.o
                0x24010222                converted_a_ready
 .bss.converted_b_ready
                0x24010224        0x2 ./Core/Src/main.o
                0x24010224                converted_b_ready
 .bss.converted_c_ready
                0x24010226        0x2 ./Core/Src/main.o
                0x24010226                converted_c_ready
 .bss.converted_lut_angle
                0x24010228        0x2 ./Core/Src/main.o
                0x24010228                converted_lut_angle
 .bss.current_value
                0x2401022a        0x2 ./Core/Src/main.o
                0x2401022a                current_value
 .bss.measure_minmax
                0x2401022c        0x4 ./Core/Src/main.o
                0x2401022c                measure_minmax
 .bss.reset_minmax
                0x24010230        0x4 ./Core/Src/main.o
                0x24010230                reset_minmax
 .bss.hpb_exti  0x24010234        0x8 ./Drivers/BSP/STM32H7xx_Nucleo/stm32h7xx_nucleo.o
                0x24010234                hpb_exti
 .bss.hcom_uart
                0x2401023c       0x94 ./Drivers/BSP/STM32H7xx_Nucleo/stm32h7xx_nucleo.o
                0x2401023c                hcom_uart
 .bss.uwTick    0x240102d0        0x4 ./Drivers/STM32H7xx_HAL_Driver/stm32h7xx_hal.o
                0x240102d0                uwTick
 *(COMMON)
                0x240102d4                        . = ALIGN (0x4)
                0x240102d4                        _ebss = .
                0x240102d4                        __bss_end__ = _ebss

._user_heap_stack
                0x240102d4      0x604 load address 0x0800f360
                0x240102d8                        . = ALIGN (0x8)
 *fill*         0x240102d4        0x4 
                [!provide]                        PROVIDE (end = .)
                0x240102d8                        PROVIDE (_end = .)
                0x240104d8                        . = (. + _Min_Heap_Size)
 *fill*         0x240102d8      0x200 
                0x240108d8                        . = (. + _Min_Stack_Size)
 *fill*         0x240104d8      0x400 
                0x240108d8                        . = ALIGN (0x8)

/DISCARD/
 libc.a(*)
 libm.a(*)
 libgcc.a(*)

.ARM.attributes
                0x00000000       0x2e
 *(.ARM.attributes)
 .ARM.attributes
                0x00000000       0x20 C:/ST/STM32CubeIDE_1.17.0/STM32CubeIDE/plugins/com.st.stm32cube.ide.mcu.externaltools.gnu-tools-for-stm32.12.3.rel1.win32_1.1.0.202410251130/tools/bin/../lib/gcc/arm-none-eabi/12.3.1/thumb/v7e-m+dp/hard/crti.o
 .ARM.attributes
                0x00000020       0x32 C:/ST/STM32CubeIDE_1.17.0/STM32CubeIDE/plugins/com.st.stm32cube.ide.mcu.externaltools.gnu-tools-for-stm32.12.3.rel1.win32_1.1.0.202410251130/tools/bin/../lib/gcc/arm-none-eabi/12.3.1/thumb/v7e-m+dp/hard/crtbegin.o
 .ARM.attributes
                0x00000052       0x32 ./Common/Src/system_stm32h7xx_dualcore_boot_cm4_cm7.o
 .ARM.attributes
                0x00000084       0x32 ./Core/Src/main.o
 .ARM.attributes
                0x000000b6       0x32 ./Core/Src/stm32h7xx_hal_msp.o
 .ARM.attributes
                0x000000e8       0x32 ./Core/Src/stm32h7xx_it.o
 .ARM.attributes
                0x0000011a       0x21 ./Core/Startup/startup_stm32h755zitx.o
 .ARM.attributes
                0x0000013b       0x32 ./Drivers/BSP/STM32H7xx_Nucleo/stm32h7xx_nucleo.o
 .ARM.attributes
                0x0000016d       0x32 ./Drivers/STM32H7xx_HAL_Driver/stm32h7xx_hal.o
 .ARM.attributes
                0x0000019f       0x32 ./Drivers/STM32H7xx_HAL_Driver/stm32h7xx_hal_adc.o
 .ARM.attributes
                0x000001d1       0x32 ./Drivers/STM32H7xx_HAL_Driver/stm32h7xx_hal_adc_ex.o
 .ARM.attributes
                0x00000203       0x32 ./Drivers/STM32H7xx_HAL_Driver/stm32h7xx_hal_cortex.o
 .ARM.attributes
                0x00000235       0x32 ./Drivers/STM32H7xx_HAL_Driver/stm32h7xx_hal_dac.o
 .ARM.attributes
                0x00000267       0x32 ./Drivers/STM32H7xx_HAL_Driver/stm32h7xx_hal_dac_ex.o
 .ARM.attributes
                0x00000299       0x32 ./Drivers/STM32H7xx_HAL_Driver/stm32h7xx_hal_dma.o
 .ARM.attributes
                0x000002cb       0x32 ./Drivers/STM32H7xx_HAL_Driver/stm32h7xx_hal_exti.o
 .ARM.attributes
                0x000002fd       0x32 ./Drivers/STM32H7xx_HAL_Driver/stm32h7xx_hal_gpio.o
 .ARM.attributes
                0x0000032f       0x32 ./Drivers/STM32H7xx_HAL_Driver/stm32h7xx_hal_hsem.o
 .ARM.attributes
                0x00000361       0x32 ./Drivers/STM32H7xx_HAL_Driver/stm32h7xx_hal_pwr_ex.o
 .ARM.attributes
                0x00000393       0x32 ./Drivers/STM32H7xx_HAL_Driver/stm32h7xx_hal_rcc.o
 .ARM.attributes
                0x000003c5       0x32 ./Drivers/STM32H7xx_HAL_Driver/stm32h7xx_hal_rcc_ex.o
 .ARM.attributes
                0x000003f7       0x32 ./Drivers/STM32H7xx_HAL_Driver/stm32h7xx_hal_tim.o
 .ARM.attributes
                0x00000429       0x32 ./Drivers/STM32H7xx_HAL_Driver/stm32h7xx_hal_tim_ex.o
 .ARM.attributes
                0x0000045b       0x32 ./Drivers/STM32H7xx_HAL_Driver/stm32h7xx_hal_uart.o
 .ARM.attributes
                0x0000048d       0x32 C:/ST/STM32CubeIDE_1.17.0/STM32CubeIDE/plugins/com.st.stm32cube.ide.mcu.externaltools.gnu-tools-for-stm32.12.3.rel1.win32_1.1.0.202410251130/tools/bin/../lib/gcc/arm-none-eabi/12.3.1/../../../../arm-none-eabi/lib/thumb/v7e-m+dp/hard\libc_nano.a(libc_a-memset.o)
 .ARM.attributes
                0x000004bf       0x32 C:/ST/STM32CubeIDE_1.17.0/STM32CubeIDE/plugins/com.st.stm32cube.ide.mcu.externaltools.gnu-tools-for-stm32.12.3.rel1.win32_1.1.0.202410251130/tools/bin/../lib/gcc/arm-none-eabi/12.3.1/../../../../arm-none-eabi/lib/thumb/v7e-m+dp/hard\libc_nano.a(libc_a-init.o)
 .ARM.attributes
                0x000004f1       0x32 C:/ST/STM32CubeIDE_1.17.0/STM32CubeIDE/plugins/com.st.stm32cube.ide.mcu.externaltools.gnu-tools-for-stm32.12.3.rel1.win32_1.1.0.202410251130/tools/bin/../lib/gcc/arm-none-eabi/12.3.1/../../../../arm-none-eabi/lib/thumb/v7e-m+dp/hard\libm.a(libm_a-s_sin.o)
 .ARM.attributes
                0x00000523       0x32 C:/ST/STM32CubeIDE_1.17.0/STM32CubeIDE/plugins/com.st.stm32cube.ide.mcu.externaltools.gnu-tools-for-stm32.12.3.rel1.win32_1.1.0.202410251130/tools/bin/../lib/gcc/arm-none-eabi/12.3.1/../../../../arm-none-eabi/lib/thumb/v7e-m+dp/hard\libm.a(libm_a-k_cos.o)
 .ARM.attributes
                0x00000555       0x32 C:/ST/STM32CubeIDE_1.17.0/STM32CubeIDE/plugins/com.st.stm32cube.ide.mcu.externaltools.gnu-tools-for-stm32.12.3.rel1.win32_1.1.0.202410251130/tools/bin/../lib/gcc/arm-none-eabi/12.3.1/../../../../arm-none-eabi/lib/thumb/v7e-m+dp/hard\libm.a(libm_a-k_sin.o)
 .ARM.attributes
                0x00000587       0x32 C:/ST/STM32CubeIDE_1.17.0/STM32CubeIDE/plugins/com.st.stm32cube.ide.mcu.externaltools.gnu-tools-for-stm32.12.3.rel1.win32_1.1.0.202410251130/tools/bin/../lib/gcc/arm-none-eabi/12.3.1/../../../../arm-none-eabi/lib/thumb/v7e-m+dp/hard\libm.a(libm_a-e_rem_pio2.o)
 .ARM.attributes
                0x000005b9       0x32 C:/ST/STM32CubeIDE_1.17.0/STM32CubeIDE/plugins/com.st.stm32cube.ide.mcu.externaltools.gnu-tools-for-stm32.12.3.rel1.win32_1.1.0.202410251130/tools/bin/../lib/gcc/arm-none-eabi/12.3.1/../../../../arm-none-eabi/lib/thumb/v7e-m+dp/hard\libm.a(libm_a-s_fabs.o)
 .ARM.attributes
                0x000005eb       0x32 C:/ST/STM32CubeIDE_1.17.0/STM32CubeIDE/plugins/com.st.stm32cube.ide.mcu.externaltools.gnu-tools-for-stm32.12.3.rel1.win32_1.1.0.202410251130/tools/bin/../lib/gcc/arm-none-eabi/12.3.1/../../../../arm-none-eabi/lib/thumb/v7e-m+dp/hard\libm.a(libm_a-k_rem_pio2.o)
 .ARM.attributes
                0x0000061d       0x32 C:/ST/STM32CubeIDE_1.17.0/STM32CubeIDE/plugins/com.st.stm32cube.ide.mcu.externaltools.gnu-tools-for-stm32.12.3.rel1.win32_1.1.0.202410251130/tools/bin/../lib/gcc/arm-none-eabi/12.3.1/../../../../arm-none-eabi/lib/thumb/v7e-m+dp/hard\libm.a(libm_a-s_scalbn.o)
 .ARM.attributes
                0x0000064f       0x32 C:/ST/STM32CubeIDE_1.17.0/STM32CubeIDE/plugins/com.st.stm32cube.ide.mcu.externaltools.gnu-tools-for-stm32.12.3.rel1.win32_1.1.0.202410251130/tools/bin/../lib/gcc/arm-none-eabi/12.3.1/../../../../arm-none-eabi/lib/thumb/v7e-m+dp/hard\libm.a(libm_a-s_floor.o)
 .ARM.attributes
                0x00000681       0x20 C:/ST/STM32CubeIDE_1.17.0/STM32CubeIDE/plugins/com.st.stm32cube.ide.mcu.externaltools.gnu-tools-for-stm32.12.3.rel1.win32_1.1.0.202410251130/tools/bin/../lib/gcc/arm-none-eabi/12.3.1/thumb/v7e-m+dp/hard\libgcc.a(_aeabi_uldivmod.o)
 .ARM.attributes
                0x000006a1       0x32 C:/ST/STM32CubeIDE_1.17.0/STM32CubeIDE/plugins/com.st.stm32cube.ide.mcu.externaltools.gnu-tools-for-stm32.12.3.rel1.win32_1.1.0.202410251130/tools/bin/../lib/gcc/arm-none-eabi/12.3.1/thumb/v7e-m+dp/hard\libgcc.a(_udivmoddi4.o)
 .ARM.attributes
                0x000006d3       0x20 C:/ST/STM32CubeIDE_1.17.0/STM32CubeIDE/plugins/com.st.stm32cube.ide.mcu.externaltools.gnu-tools-for-stm32.12.3.rel1.win32_1.1.0.202410251130/tools/bin/../lib/gcc/arm-none-eabi/12.3.1/thumb/v7e-m+dp/hard\libgcc.a(_dvmd_tls.o)
 .ARM.attributes
                0x000006f3       0x20 C:/ST/STM32CubeIDE_1.17.0/STM32CubeIDE/plugins/com.st.stm32cube.ide.mcu.externaltools.gnu-tools-for-stm32.12.3.rel1.win32_1.1.0.202410251130/tools/bin/../lib/gcc/arm-none-eabi/12.3.1/thumb/v7e-m+dp/hard/crtn.o
OUTPUT(sicid_CM7.elf elf32-littlearm)
LOAD linker stubs
LOAD C:/ST/STM32CubeIDE_1.17.0/STM32CubeIDE/plugins/com.st.stm32cube.ide.mcu.externaltools.gnu-tools-for-stm32.12.3.rel1.win32_1.1.0.202410251130/tools/bin/../lib/gcc/arm-none-eabi/12.3.1/../../../../arm-none-eabi/lib/thumb/v7e-m+dp/hard\libc.a
LOAD C:/ST/STM32CubeIDE_1.17.0/STM32CubeIDE/plugins/com.st.stm32cube.ide.mcu.externaltools.gnu-tools-for-stm32.12.3.rel1.win32_1.1.0.202410251130/tools/bin/../lib/gcc/arm-none-eabi/12.3.1/../../../../arm-none-eabi/lib/thumb/v7e-m+dp/hard\libm.a
LOAD C:/ST/STM32CubeIDE_1.17.0/STM32CubeIDE/plugins/com.st.stm32cube.ide.mcu.externaltools.gnu-tools-for-stm32.12.3.rel1.win32_1.1.0.202410251130/tools/bin/../lib/gcc/arm-none-eabi/12.3.1/thumb/v7e-m+dp/hard\libgcc.a

.debug_info     0x00000000    0x1ef56
 .debug_info    0x00000000      0xe73 ./Common/Src/system_stm32h7xx_dualcore_boot_cm4_cm7.o
 .debug_info    0x00000e73     0x3c6e ./Core/Src/main.o
 .debug_info    0x00004ae1     0x1b1b ./Core/Src/stm32h7xx_hal_msp.o
 .debug_info    0x000065fc      0x951 ./Core/Src/stm32h7xx_it.o
 .debug_info    0x00006f4d       0x30 ./Core/Startup/startup_stm32h755zitx.o
 .debug_info    0x00006f7d     0x1aa0 ./Drivers/BSP/STM32H7xx_Nucleo/stm32h7xx_nucleo.o
 .debug_info    0x00008a1d     0x177a ./Drivers/STM32H7xx_HAL_Driver/stm32h7xx_hal.o
 .debug_info    0x0000a197     0x1da7 ./Drivers/STM32H7xx_HAL_Driver/stm32h7xx_hal_adc.o
 .debug_info    0x0000bf3e     0x1ec8 ./Drivers/STM32H7xx_HAL_Driver/stm32h7xx_hal_adc_ex.o
 .debug_info    0x0000de06     0x10d5 ./Drivers/STM32H7xx_HAL_Driver/stm32h7xx_hal_cortex.o
 .debug_info    0x0000eedb      0xbb8 ./Drivers/STM32H7xx_HAL_Driver/stm32h7xx_hal_dac.o
 .debug_info    0x0000fa93      0xb96 ./Drivers/STM32H7xx_HAL_Driver/stm32h7xx_hal_dac_ex.o
 .debug_info    0x00010629      0xc43 ./Drivers/STM32H7xx_HAL_Driver/stm32h7xx_hal_dma.o
 .debug_info    0x0001126c      0x9cc ./Drivers/STM32H7xx_HAL_Driver/stm32h7xx_hal_exti.o
 .debug_info    0x00011c38      0xd06 ./Drivers/STM32H7xx_HAL_Driver/stm32h7xx_hal_gpio.o
 .debug_info    0x0001293e      0x3d3 ./Drivers/STM32H7xx_HAL_Driver/stm32h7xx_hal_hsem.o
 .debug_info    0x00012d11     0x1225 ./Drivers/STM32H7xx_HAL_Driver/stm32h7xx_hal_pwr_ex.o
 .debug_info    0x00013f36      0xe67 ./Drivers/STM32H7xx_HAL_Driver/stm32h7xx_hal_rcc.o
 .debug_info    0x00014d9d     0x1303 ./Drivers/STM32H7xx_HAL_Driver/stm32h7xx_hal_rcc_ex.o
 .debug_info    0x000160a0     0x2bae ./Drivers/STM32H7xx_HAL_Driver/stm32h7xx_hal_tim.o
 .debug_info    0x00018c4e     0x17eb ./Drivers/STM32H7xx_HAL_Driver/stm32h7xx_hal_tim_ex.o
 .debug_info    0x0001a439     0x4b1d ./Drivers/STM32H7xx_HAL_Driver/stm32h7xx_hal_uart.o

.debug_abbrev   0x00000000     0x34e2
 .debug_abbrev  0x00000000      0x165 ./Common/Src/system_stm32h7xx_dualcore_boot_cm4_cm7.o
 .debug_abbrev  0x00000165      0x37e ./Core/Src/main.o
 .debug_abbrev  0x000004e3      0x279 ./Core/Src/stm32h7xx_hal_msp.o
 .debug_abbrev  0x0000075c      0x1ad ./Core/Src/stm32h7xx_it.o
 .debug_abbrev  0x00000909       0x24 ./Core/Startup/startup_stm32h755zitx.o
 .debug_abbrev  0x0000092d      0x340 ./Drivers/BSP/STM32H7xx_Nucleo/stm32h7xx_nucleo.o
 .debug_abbrev  0x00000c6d      0x295 ./Drivers/STM32H7xx_HAL_Driver/stm32h7xx_hal.o
 .debug_abbrev  0x00000f02      0x2be ./Drivers/STM32H7xx_HAL_Driver/stm32h7xx_hal_adc.o
 .debug_abbrev  0x000011c0      0x307 ./Drivers/STM32H7xx_HAL_Driver/stm32h7xx_hal_adc_ex.o
 .debug_abbrev  0x000014c7      0x339 ./Drivers/STM32H7xx_HAL_Driver/stm32h7xx_hal_cortex.o
 .debug_abbrev  0x00001800      0x20c ./Drivers/STM32H7xx_HAL_Driver/stm32h7xx_hal_dac.o
 .debug_abbrev  0x00001a0c      0x268 ./Drivers/STM32H7xx_HAL_Driver/stm32h7xx_hal_dac_ex.o
 .debug_abbrev  0x00001c74      0x248 ./Drivers/STM32H7xx_HAL_Driver/stm32h7xx_hal_dma.o
 .debug_abbrev  0x00001ebc      0x212 ./Drivers/STM32H7xx_HAL_Driver/stm32h7xx_hal_exti.o
 .debug_abbrev  0x000020ce      0x205 ./Drivers/STM32H7xx_HAL_Driver/stm32h7xx_hal_gpio.o
 .debug_abbrev  0x000022d3      0x1d3 ./Drivers/STM32H7xx_HAL_Driver/stm32h7xx_hal_hsem.o
 .debug_abbrev  0x000024a6      0x2d7 ./Drivers/STM32H7xx_HAL_Driver/stm32h7xx_hal_pwr_ex.o
 .debug_abbrev  0x0000277d      0x2c8 ./Drivers/STM32H7xx_HAL_Driver/stm32h7xx_hal_rcc.o
 .debug_abbrev  0x00002a45      0x269 ./Drivers/STM32H7xx_HAL_Driver/stm32h7xx_hal_rcc_ex.o
 .debug_abbrev  0x00002cae      0x276 ./Drivers/STM32H7xx_HAL_Driver/stm32h7xx_hal_tim.o
 .debug_abbrev  0x00002f24      0x281 ./Drivers/STM32H7xx_HAL_Driver/stm32h7xx_hal_tim_ex.o
 .debug_abbrev  0x000031a5      0x33d ./Drivers/STM32H7xx_HAL_Driver/stm32h7xx_hal_uart.o

.debug_aranges  0x00000000     0x1800
 .debug_aranges
                0x00000000       0x30 ./Common/Src/system_stm32h7xx_dualcore_boot_cm4_cm7.o
 .debug_aranges
                0x00000030       0xc8 ./Core/Src/main.o
 .debug_aranges
                0x000000f8       0x68 ./Core/Src/stm32h7xx_hal_msp.o
 .debug_aranges
                0x00000160       0xa8 ./Core/Src/stm32h7xx_it.o
 .debug_aranges
                0x00000208       0x28 ./Core/Startup/startup_stm32h755zitx.o
 .debug_aranges
                0x00000230       0xb8 ./Drivers/BSP/STM32H7xx_Nucleo/stm32h7xx_nucleo.o
 .debug_aranges
                0x000002e8      0x200 ./Drivers/STM32H7xx_HAL_Driver/stm32h7xx_hal.o
 .debug_aranges
                0x000004e8      0x230 ./Drivers/STM32H7xx_HAL_Driver/stm32h7xx_hal_adc.o
 .debug_aranges
                0x00000718      0x1e0 ./Drivers/STM32H7xx_HAL_Driver/stm32h7xx_hal_adc_ex.o
 .debug_aranges
                0x000008f8      0x130 ./Drivers/STM32H7xx_HAL_Driver/stm32h7xx_hal_cortex.o
 .debug_aranges
                0x00000a28       0xc0 ./Drivers/STM32H7xx_HAL_Driver/stm32h7xx_hal_dac.o
 .debug_aranges
                0x00000ae8       0xa8 ./Drivers/STM32H7xx_HAL_Driver/stm32h7xx_hal_dac_ex.o
 .debug_aranges
                0x00000b90       0xa0 ./Drivers/STM32H7xx_HAL_Driver/stm32h7xx_hal_dma.o
 .debug_aranges
                0x00000c30       0x60 ./Drivers/STM32H7xx_HAL_Driver/stm32h7xx_hal_exti.o
 .debug_aranges
                0x00000c90       0x58 ./Drivers/STM32H7xx_HAL_Driver/stm32h7xx_hal_gpio.o
 .debug_aranges
                0x00000ce8       0x70 ./Drivers/STM32H7xx_HAL_Driver/stm32h7xx_hal_hsem.o
 .debug_aranges
                0x00000d58      0x170 ./Drivers/STM32H7xx_HAL_Driver/stm32h7xx_hal_pwr_ex.o
 .debug_aranges
                0x00000ec8       0x88 ./Drivers/STM32H7xx_HAL_Driver/stm32h7xx_hal_rcc.o
 .debug_aranges